Jul 19 20:52:51 haxpors-mbp com.apple.CoreSimulator.SimDevice.3CD97526-5E6A-4670-A89F-D68A446BDF66.launchd_sim[5831] (UIKitApplication:org.haxpor.ZombieHero[0xdcb5][12420]): Service exited due to signal: Segmentation fault: 11
Jul 19 20:52:51 haxpors-mbp.local SpringBoard[5845]: Application 'UIKitApplication:org.haxpor.ZombieHero[0xdcb5]' crashed.
Jul 19 20:52:51 haxpors-mbp assertiond[5849]: assertion failed: 14E46 12H141: assertiond + 12334 [EDAF3958-87C7-3C61-A8E6-24689FBBE168]: 0x1
Jul 19 20:52:51 haxpors-mbp.local SpringBoard[5845]: Unable to deliver -[UIRemoteApplication showTopMostMiniAlertWithSynchronizationPort:] message to port 0: (ipc/send) invalid destination port
Jul 19 20:54:25 haxpors-mbp.local DTMobileIS[7428]: Could not create service named com.apple.instruments.server.services.launchdaemon
Jul 19 20:54:25 haxpors-mbp.local DTMobileIS[7428]: Could not create service named com.apple.instruments.server.services.processcontrol.posixspawn
Jul 19 20:54:25 haxpors-mbp.local CoreSimulatorBridge[5853]: LaunchServices: installing app for existing placeholder <LSApplicationProxy: 0x7faacb634390> org.haxpor.ZombieHero
Jul 19 20:54:25 haxpors-mbp.local CoreSimulatorBridge[5853]: LaunchServices: Not creating progress for <LSApplicationProxy: 0x7faacb634390> org.haxpor.ZombieHero since it is not a placeholder.
Jul 19 20:54:25 haxpors-mbp.local installd[11334]: 0x1065ec000 -[MIClientConnection _doBackgroundInstallationForPath:withOptions:completion:]: Install of "/Users/haxpor/Library/Developer/Xcode/DerivedData/ZombieHero-erdynsruzgedcidywngbikwfyczm/Build/Products/Debug-iphonesimulator/Zombie Hero - Fast Build.app" type Developer requested by CoreSimulatorBridge (pid 5853)
Jul 19 20:54:25 haxpors-mbp.local installd[11334]: 0x1065ec000 MDMCreateDeltaDirectory: calling MDMDirectoryDiff with:
	state->old_bundle: /Users/haxpor/Library/Developer/CoreSimulator/Devices/3CD97526-5E6A-4670-A89F-D68A446BDF66/data/Containers/Bundle/Application/34AF48BC-32CC-45BA-BD58-FD31D078DCFB/Zombie Hero - Fast Build.app
	state->new_bundle: /Users/haxpor/Library/Developer/Xcode/DerivedData/ZombieHero-erdynsruzgedcidywngbikwfyczm/Build/Products/Debug-iphonesimulator/Zombie Hero - Fast Build.app
	state->dst_bundle: /Users/haxpor/Library/Developer/CoreSimulator/Devices/3CD97526-5E6A-4670-A89F-D68A446BDF66/data/Library/Caches/com.apple.mobile.installd.staging/temp.AHxXhH/extracted/Payload//Zombie Hero - Fast Build.app, binaryDiff flag: FALSE
		dst_ipa: /Users/haxpor/Library/Developer/CoreSimulator/Devices/3CD97526-5E6A-4670-A89F-D68A446BDF66/data/Library/Caches/com.apple.mobile.installd.staging/temp.AHxXhH/extracted
Jul 19 20:54:25 haxpors-mbp.local installd[11334]: 0x1065ec000 createDictFromFile: open failed for /Users/haxpor/Library/Developer/CoreSimulator/Devices/3CD97526-5E6A-4670-A89F-D68A446BDF66/data/Containers/Bundle/Application/34AF48BC-32CC-45BA-BD58-FD31D078DCFB/ManifestCache.plist : No such file or directory
Jul 19 20:54:25 haxpors-mbp.local installd[11334]: 0x10861b000 __MDMDirectoryDiff_block_invoke29: calling writeDictToFile with: /Users/haxpor/Library/Developer/CoreSimulator/Devices/3CD97526-5E6A-4670-A89F-D68A446BDF66/data/Library/Caches/com.apple.mobile.installd.staging/temp.AHxXhH/extracted/ManifestCache.plist
Jul 19 20:54:25 haxpors-mbp.local installd[11334]: 0x10861b000 writeDictToFile: ==== Successfully wrote Manifest cache to /Users/haxpor/Library/Developer/CoreSimulator/Devices/3CD97526-5E6A-4670-A89F-D68A446BDF66/data/Library/Caches/com.apple.mobile.installd.staging/temp.AHxXhH/extracted/ManifestCache.plist
Jul 19 20:54:26 haxpors-mbp.local installd[11334]: 0x1065ec000 -[MIInstaller performInstallationWithError:]: Installing <MIInstallableBundlePatch ID=org.haxpor.ZombieHero; Version=0.801.5.1, ShortVersion=(null)>
Jul 19 20:54:26 haxpors-mbp.local installd[11334]: 0x1065ec000 -[MIInstallableBundlePatch applyPatchWithError:]: Attempting patch update of org.haxpor.ZombieHero from 0.801.5.1 ((null)) to 0.801.5.1 ((null))
Jul 19 20:54:27 haxpors-mbp.local SpringBoard[5845]: Killing org.haxpor.ZombieHero for termination assertion
Jul 19 20:54:27 haxpors-mbp.local pkd[11336]: releasing plug-in hold F2976E73-C992-40F4-ABD9-86B44F155DDA for dead client pid 5845
Jul 19 20:54:27 haxpors-mbp.local installd[11334]: 0x1065ec000 -[MIInstallableBundle _refreshUUIDForContainer:withError:]: Data container for org.haxpor.ZombieHero is now at /Users/haxpor/Library/Developer/CoreSimulator/Devices/3CD97526-5E6A-4670-A89F-D68A446BDF66/data/Containers/Data/Application/814BA37B-8598-4536-8794-26D8BDC3156D
Jul 19 20:54:27 haxpors-mbp.local installd[11334]: 0x1065ec000 -[MIContainer makeContainerLiveReplacingContainer:withError:]: Made container live for org.haxpor.ZombieHero at /Users/haxpor/Library/Developer/CoreSimulator/Devices/3CD97526-5E6A-4670-A89F-D68A446BDF66/data/Containers/Bundle/Application/13906F66-E035-43CF-8C60-5F2A10048C79
Jul 19 20:54:27 haxpors-mbp.local installd[11334]: 0x1065ec000 -[MIInstaller performInstallationWithError:]: Staging: 1.12s; Waiting: 0.00s; Installation: 1.06s; Overall: 2.17s
Jul 19 20:54:27 haxpors-mbp.local CoreSimulatorBridge[5853]: LaunchServices: NotifiedObservers <LSApplicationProxy: 0x7faacb505e50> org.haxpor.ZombieHero was installed
Jul 19 20:54:27 haxpors-mbp.local lsd[5864]: LaunchServices: Updating identifier store
Jul 19 20:54:28 haxpors-mbp.local /Applications/Xcode.app/Contents/Developer/Platforms/iPhoneSimulator.platform/Developer/SDKs/iPhoneSimulator.sdk/usr/libexec/lsd[5864]: LaunchServices: Failed to set the data protection class for /Users/haxpor/Library/Developer/CoreSimulator/Devices/3CD97526-5E6A-4670-A89F-D68A446BDF66/data/tmp/com.apple.IconsCache/org.haxpor.ZombieHero_CFBundleIcon[40]
Jul 19 20:54:28 haxpors-mbp.local SpringBoard[5845]: Installed apps did change.
	Added: {(
	)}
	Removed: {(
	)}
	Modified: {(
	    "org.haxpor.ZombieHero"
	)}
Jul 19 20:54:31 haxpors-mbp assertiond[5849]: assertion failed: 14E46 12H141: assertiond + 12334 [EDAF3958-87C7-3C61-A8E6-24689FBBE168]: 0x1
Jul 19 20:54:45 haxpors-mbp Zombie Hero - Fast Build[12493]: assertion failed: 14E46 12H141: libxpc.dylib + 59338 [AF8FA08F-353B-303B-A08E-AEBB3C60A640]: 0x7d
Jul 19 20:54:45 haxpors-mbp assertiond[5849]: assertion failed: 14E46 12H141: assertiond + 12334 [EDAF3958-87C7-3C61-A8E6-24689FBBE168]: 0x1
Jul 19 20:54:45 --- last message repeated 1 time ---
Jul 19 20:54:45 haxpors-mbp.local SpringBoard[5845]: [MPUSystemMediaControls] Updating supported commands for now playing application.
Jul 19 20:54:47 haxpors-mbp.local Zombie Hero - Fast Build[12493]: [Crashlytics] Version 3.0.9 (54)
Jul 19 20:54:47 haxpors-mbp.local Zombie Hero - Fast Build[12493]: cocos2d: surface size: 1136x640
Jul 19 20:54:47 --- last message repeated 1 time ---
Jul 19 20:54:47 haxpors-mbp assertiond[5849]: assertion failed: 14E46 12H141: assertiond + 12334 [EDAF3958-87C7-3C61-A8E6-24689FBBE168]: 0x1
Jul 19 20:54:48 haxpors-mbp.local Zombie Hero - Fast Build[12493]: [Fabric] failed to download settings Error Domain=NSURLErrorDomain Code=-1009 "The Internet connection appears to be offline." UserInfo=0x7fc17d9492e0 {NSUnderlyingError=0x7fc17c5199f0 "The operation couldn’t be completed. (kCFErrorDomainCFNetwork error -1009.)", NSErrorFailingURLStringKey=https://settings.crashlytics.com/spi/v2/platforms/ios/apps/org.haxpor.ZombieHero/settings?build_version=0.801.5.1&instance=829b69d8ea1e0908e349b92334b1e12f378ce173&icon_hash=3aacf48c639b5b7623cf3273e8cb4efd15dbb529&source=1, NSErrorFailingURLKey=https://settings.crashlytics.com/spi/v2/platforms/ios/apps/org.haxpor.ZombieHero/settings?build_version=0.801.5.1&instance=829b69d8ea1e0908e349b92334b1e12f378ce173&icon_hash=3aacf48c639b5b7623cf3273e8cb4efd15dbb529&source=1, _kCFStreamErrorDomainKey=12, _kCFStreamErrorCodeKey=8, NSLocalizedDescription=The Internet connection appears to be offline.}
Jul 19 20:54:48 haxpors-mbp assertiond[5849]: assertion failed: 14E46 12H141: assertiond + 12334 [EDAF3958-87C7-3C61-A8E6-24689FBBE168]: 0x1
Jul 19 21:00:23 haxpors-mbp com.apple.CoreSimulator.SimDevice.3CD97526-5E6A-4670-A89F-D68A446BDF66.launchd_sim[5831] (UIKitApplication:org.haxpor.ZombieHero[0xa63b][12493]): Service exited due to signal: Segmentation fault: 11
Jul 19 21:00:23 haxpors-mbp.local SpringBoard[5845]: Application 'UIKitApplication:org.haxpor.ZombieHero[0xa63b]' crashed.
Jul 19 21:00:23 haxpors-mbp assertiond[5849]: assertion failed: 14E46 12H141: assertiond + 12334 [EDAF3958-87C7-3C61-A8E6-24689FBBE168]: 0x1
Jul 19 21:01:54 haxpors-mbp.local DTMobileIS[7428]: Could not create service named com.apple.instruments.server.services.processcontrol.posixspawn
Jul 19 21:01:54 haxpors-mbp.local DTMobileIS[7428]: Could not create service named com.apple.instruments.server.services.launchdaemon
Jul 19 21:01:54 haxpors-mbp.local CoreSimulatorBridge[5853]: LaunchServices: installing app for existing placeholder <LSApplicationProxy: 0x7faacb440790> org.haxpor.ZombieHero
Jul 19 21:01:54 haxpors-mbp.local CoreSimulatorBridge[5853]: LaunchServices: Not creating progress for <LSApplicationProxy: 0x7faacb440790> org.haxpor.ZombieHero since it is not a placeholder.
Jul 19 21:01:54 haxpors-mbp.local installd[11334]: 0x1065ec000 -[MIClientConnection _doBackgroundInstallationForPath:withOptions:completion:]: Install of "/Users/haxpor/Library/Developer/Xcode/DerivedData/ZombieHero-erdynsruzgedcidywngbikwfyczm/Build/Products/Debug-iphonesimulator/Zombie Hero - Fast Build.app" type Developer requested by CoreSimulatorBridge (pid 5853)
Jul 19 21:01:54 haxpors-mbp.local installd[11334]: 0x1065ec000 MDMCreateDeltaDirectory: calling MDMDirectoryDiff with:
	state->old_bundle: /Users/haxpor/Library/Developer/CoreSimulator/Devices/3CD97526-5E6A-4670-A89F-D68A446BDF66/data/Containers/Bundle/Application/13906F66-E035-43CF-8C60-5F2A10048C79/Zombie Hero - Fast Build.app
	state->new_bundle: /Users/haxpor/Library/Developer/Xcode/DerivedData/ZombieHero-erdynsruzgedcidywngbikwfyczm/Build/Products/Debug-iphonesimulator/Zombie Hero - Fast Build.app
	state->dst_bundle: /Users/haxpor/Library/Developer/CoreSimulator/Devices/3CD97526-5E6A-4670-A89F-D68A446BDF66/data/Library/Caches/com.apple.mobile.installd.staging/temp.qLz7Vs/extracted/Payload//Zombie Hero - Fast Build.app, binaryDiff flag: FALSE
		dst_ipa: /Users/haxpor/Library/Developer/CoreSimulator/Devices/3CD97526-5E6A-4670-A89F-D68A446BDF66/data/Library/Caches/com.apple.mobile.installd.staging/temp.qLz7Vs/extracted
Jul 19 21:01:54 haxpors-mbp.local installd[11334]: 0x1065ec000 createDictFromFile: open failed for /Users/haxpor/Library/Developer/CoreSimulator/Devices/3CD97526-5E6A-4670-A89F-D68A446BDF66/data/Containers/Bundle/Application/13906F66-E035-43CF-8C60-5F2A10048C79/ManifestCache.plist : No such file or directory
Jul 19 21:01:56 haxpors-mbp.local installd[11334]: 0x10879e000 __MDMDirectoryDiff_block_invoke29: calling writeDictToFile with: /Users/haxpor/Library/Developer/CoreSimulator/Devices/3CD97526-5E6A-4670-A89F-D68A446BDF66/data/Library/Caches/com.apple.mobile.installd.staging/temp.qLz7Vs/extracted/ManifestCache.plist
Jul 19 21:01:56 haxpors-mbp.local installd[11334]: 0x10879e000 writeDictToFile: ==== Successfully wrote Manifest cache to /Users/haxpor/Library/Developer/CoreSimulator/Devices/3CD97526-5E6A-4670-A89F-D68A446BDF66/data/Library/Caches/com.apple.mobile.installd.staging/temp.qLz7Vs/extracted/ManifestCache.plist
Jul 19 21:01:57 haxpors-mbp.local installd[11334]: 0x1065ec000 -[MIInstaller performInstallationWithError:]: Installing <MIInstallableBundlePatch ID=org.haxpor.ZombieHero; Version=0.801.5.1, ShortVersion=(null)>
Jul 19 21:01:57 haxpors-mbp.local installd[11334]: 0x1065ec000 -[MIInstallableBundlePatch applyPatchWithError:]: Attempting patch update of org.haxpor.ZombieHero from 0.801.5.1 ((null)) to 0.801.5.1 ((null))
Jul 19 21:02:01 haxpors-mbp.local SpringBoard[5845]: Killing org.haxpor.ZombieHero for termination assertion
Jul 19 21:02:01 haxpors-mbp.local pkd[11336]: releasing plug-in hold CB0BFAC0-9464-4AD3-B0EF-438FFAE936C5 for dead client pid 5845
Jul 19 21:02:01 haxpors-mbp.local installd[11334]: 0x1065ec000 -[MIInstallableBundle _refreshUUIDForContainer:withError:]: Data container for org.haxpor.ZombieHero is now at /Users/haxpor/Library/Developer/CoreSimulator/Devices/3CD97526-5E6A-4670-A89F-D68A446BDF66/data/Containers/Data/Application/9754C20C-25BA-48E1-8CAF-F3D9DCF8911C
Jul 19 21:02:01 haxpors-mbp.local installd[11334]: 0x1065ec000 -[MIContainer makeContainerLiveReplacingContainer:withError:]: Made container live for org.haxpor.ZombieHero at /Users/haxpor/Library/Developer/CoreSimulator/Devices/3CD97526-5E6A-4670-A89F-D68A446BDF66/data/Containers/Bundle/Application/5BEF3F26-0F50-4D58-9531-42D2ACAE6E3A
Jul 19 21:02:01 haxpors-mbp.local installd[11334]: 0x1065ec000 -[MIInstaller performInstallationWithError:]: Staging: 2.47s; Waiting: 0.00s; Installation: 4.68s; Overall: 7.18s
Jul 19 21:02:02 haxpors-mbp.local CoreSimulatorBridge[5853]: LaunchServices: NotifiedObservers <LSApplicationProxy: 0x7faacb43f290> org.haxpor.ZombieHero was installed
Jul 19 21:02:02 haxpors-mbp.local lsd[5864]: LaunchServices: Updating identifier store
Jul 19 21:02:02 haxpors-mbp.local /Applications/Xcode.app/Contents/Developer/Platforms/iPhoneSimulator.platform/Developer/SDKs/iPhoneSimulator.sdk/usr/libexec/lsd[5864]: LaunchServices: Failed to set the data protection class for /Users/haxpor/Library/Developer/CoreSimulator/Devices/3CD97526-5E6A-4670-A89F-D68A446BDF66/data/tmp/com.apple.IconsCache/org.haxpor.ZombieHero_CFBundleIcon[40]
Jul 19 21:02:02 haxpors-mbp.local SpringBoard[5845]: Installed apps did change.
	Added: {(
	)}
	Removed: {(
	)}
	Modified: {(
	    "org.haxpor.ZombieHero"
	)}
Jul 19 21:02:06 haxpors-mbp assertiond[5849]: assertion failed: 14E46 12H141: assertiond + 12334 [EDAF3958-87C7-3C61-A8E6-24689FBBE168]: 0x1
Jul 19 21:02:16 haxpors-mbp Zombie Hero - Fast Build[12565]: assertion failed: 14E46 12H141: libxpc.dylib + 59338 [AF8FA08F-353B-303B-A08E-AEBB3C60A640]: 0x7d
Jul 19 21:02:16 haxpors-mbp assertiond[5849]: assertion failed: 14E46 12H141: assertiond + 12334 [EDAF3958-87C7-3C61-A8E6-24689FBBE168]: 0x1
Jul 19 21:02:16 haxpors-mbp.local SpringBoard[5845]: [MPUSystemMediaControls] Updating supported commands for now playing application.
Jul 19 21:02:19 haxpors-mbp.local Zombie Hero - Fast Build[12565]: [Crashlytics] Version 3.0.9 (54)
Jul 19 21:02:19 haxpors-mbp.local Zombie Hero - Fast Build[12565]: cocos2d: surface size: 1136x640
Jul 19 21:02:19 --- last message repeated 1 time ---
Jul 19 21:02:19 haxpors-mbp assertiond[5849]: assertion failed: 14E46 12H141: assertiond + 12334 [EDAF3958-87C7-3C61-A8E6-24689FBBE168]: 0x1
Jul 19 21:02:19 haxpors-mbp.local Zombie Hero - Fast Build[12565]: [Fabric] failed to download settings Error Domain=NSURLErrorDomain Code=-1009 "The Internet connection appears to be offline." UserInfo=0x7fb22831cfc0 {NSUnderlyingError=0x7fb226349ac0 "The operation couldn’t be completed. (kCFErrorDomainCFNetwork error -1009.)", NSErrorFailingURLStringKey=https://settings.crashlytics.com/spi/v2/platforms/ios/apps/org.haxpor.ZombieHero/settings?build_version=0.801.5.1&instance=e330af22d20b6270f0291558bdd75731d46a522c&icon_hash=3aacf48c639b5b7623cf3273e8cb4efd15dbb529&source=1, NSErrorFailingURLKey=https://settings.crashlytics.com/spi/v2/platforms/ios/apps/org.haxpor.ZombieHero/settings?build_version=0.801.5.1&instance=e330af22d20b6270f0291558bdd75731d46a522c&icon_hash=3aacf48c639b5b7623cf3273e8cb4efd15dbb529&source=1, _kCFStreamErrorDomainKey=12, _kCFStreamErrorCodeKey=8, NSLocalizedDescription=The Internet connection appears to be offline.}
Jul 19 21:02:20 haxpors-mbp assertiond[5849]: assertion failed: 14E46 12H141: assertiond + 12334 [EDAF3958-87C7-3C61-A8E6-24689FBBE168]: 0x1
Jul 19 21:03:19 haxpors-mbp assertiond[5849]: assertion failed: 14E46 12H141: assertiond + 12334 [EDAF3958-87C7-3C61-A8E6-24689FBBE168]: 0x1
Jul 19 21:03:49 --- last message repeated 1 time ---
Jul 19 21:04:46 haxpors-mbp com.apple.CoreSimulator.SimDevice.3CD97526-5E6A-4670-A89F-D68A446BDF66.launchd_sim[5831] (UIKitApplication:org.haxpor.ZombieHero[0x3c29][12565]): Service exited due to signal: Segmentation fault: 11
Jul 19 21:04:46 haxpors-mbp.local SpringBoard[5845]: Application 'UIKitApplication:org.haxpor.ZombieHero[0x3c29]' crashed.
Jul 19 21:04:46 haxpors-mbp.local assertiond[5849]: notify_suspend_pid() failed with error 7
Jul 19 21:04:46 haxpors-mbp assertiond[5849]: assertion failed: 14E46 12H141: assertiond + 12334 [EDAF3958-87C7-3C61-A8E6-24689FBBE168]: 0x1
Jul 19 21:05:16 --- last message repeated 1 time ---
Jul 19 21:09:47 haxpors-mbp.local configd_sim[5851]: network changed: v4(en1+:192.168.1.70) DNS+ Proxy+
Jul 19 21:09:47 haxpors-mbp.local bird[11343]: Network reachability changed to reachable [-R -------]
Jul 19 21:09:47 haxpors-mbp.local bird[11343]: Network reachability changed to unreachable [-- -------]
Jul 19 21:17:19 haxpors-mbp.local CoreSimulatorBridge[5853]: LaunchServices: installing app for existing placeholder <LSApplicationProxy: 0x7faacb62df00> org.haxpor.ZombieHero
Jul 19 21:17:19 haxpors-mbp.local CoreSimulatorBridge[5853]: LaunchServices: Not creating progress for <LSApplicationProxy: 0x7faacb62df00> org.haxpor.ZombieHero since it is not a placeholder.
Jul 19 21:17:19 haxpors-mbp.local installd[11334]: 0x1065ec000 -[MIClientConnection _doBackgroundInstallationForPath:withOptions:completion:]: Install of "/Users/haxpor/Library/Developer/Xcode/DerivedData/ZombieHero-erdynsruzgedcidywngbikwfyczm/Build/Products/Debug-iphonesimulator/Zombie Hero - Fast Build.app" type Developer requested by CoreSimulatorBridge (pid 5853)
Jul 19 21:17:19 haxpors-mbp.local installd[11334]: 0x1065ec000 MDMCreateDeltaDirectory: calling MDMDirectoryDiff with:
	state->old_bundle: /Users/haxpor/Library/Developer/CoreSimulator/Devices/3CD97526-5E6A-4670-A89F-D68A446BDF66/data/Containers/Bundle/Application/5BEF3F26-0F50-4D58-9531-42D2ACAE6E3A/Zombie Hero - Fast Build.app
	state->new_bundle: /Users/haxpor/Library/Developer/Xcode/DerivedData/ZombieHero-erdynsruzgedcidywngbikwfyczm/Build/Products/Debug-iphonesimulator/Zombie Hero - Fast Build.app
	state->dst_bundle: /Users/haxpor/Library/Developer/CoreSimulator/Devices/3CD97526-5E6A-4670-A89F-D68A446BDF66/data/Library/Caches/com.apple.mobile.installd.staging/temp.gXHIoZ/extracted/Payload//Zombie Hero - Fast Build.app, binaryDiff flag: FALSE
		dst_ipa: /Users/haxpor/Library/Developer/CoreSimulator/Devices/3CD97526-5E6A-4670-A89F-D68A446BDF66/data/Library/Caches/com.apple.mobile.installd.staging/temp.gXHIoZ/extracted
Jul 19 21:17:19 haxpors-mbp.local installd[11334]: 0x1065ec000 createDictFromFile: open failed for /Users/haxpor/Library/Developer/CoreSimulator/Devices/3CD97526-5E6A-4670-A89F-D68A446BDF66/data/Containers/Bundle/Application/5BEF3F26-0F50-4D58-9531-42D2ACAE6E3A/ManifestCache.plist : No such file or directory
Jul 19 21:17:21 haxpors-mbp.local installd[11334]: 0x10861b000 __MDMDirectoryDiff_block_invoke29: calling writeDictToFile with: /Users/haxpor/Library/Developer/CoreSimulator/Devices/3CD97526-5E6A-4670-A89F-D68A446BDF66/data/Library/Caches/com.apple.mobile.installd.staging/temp.gXHIoZ/extracted/ManifestCache.plist
Jul 19 21:17:21 haxpors-mbp.local installd[11334]: 0x10861b000 writeDictToFile: ==== Successfully wrote Manifest cache to /Users/haxpor/Library/Developer/CoreSimulator/Devices/3CD97526-5E6A-4670-A89F-D68A446BDF66/data/Library/Caches/com.apple.mobile.installd.staging/temp.gXHIoZ/extracted/ManifestCache.plist
Jul 19 21:17:23 haxpors-mbp.local installd[11334]: 0x1065ec000 -[MIInstaller performInstallationWithError:]: Installing <MIInstallableBundlePatch ID=org.haxpor.ZombieHero; Version=0.801.5.1, ShortVersion=(null)>
Jul 19 21:17:23 haxpors-mbp.local installd[11334]: 0x1065ec000 -[MIInstallableBundlePatch applyPatchWithError:]: Attempting patch update of org.haxpor.ZombieHero from 0.801.5.1 ((null)) to 0.801.5.1 ((null))
Jul 19 21:17:28 haxpors-mbp.local SpringBoard[5845]: Killing org.haxpor.ZombieHero for termination assertion
Jul 19 21:17:28 haxpors-mbp.local pkd[11336]: releasing plug-in hold C01EB77A-C482-499D-8A93-8EF85384EA58 for dead client pid 5845
Jul 19 21:17:29 haxpors-mbp.local installd[11334]: 0x1065ec000 -[MIInstallableBundle _refreshUUIDForContainer:withError:]: Data container for org.haxpor.ZombieHero is now at /Users/haxpor/Library/Developer/CoreSimulator/Devices/3CD97526-5E6A-4670-A89F-D68A446BDF66/data/Containers/Data/Application/D959683D-EFEA-477B-A7A2-47FA569D8195
Jul 19 21:17:29 haxpors-mbp.local installd[11334]: 0x1065ec000 -[MIContainer makeContainerLiveReplacingContainer:withError:]: Made container live for org.haxpor.ZombieHero at /Users/haxpor/Library/Developer/CoreSimulator/Devices/3CD97526-5E6A-4670-A89F-D68A446BDF66/data/Containers/Bundle/Application/AE3C84B8-C6A6-4980-B933-5554647C90FE
Jul 19 21:17:29 haxpors-mbp.local installd[11334]: 0x1065ec000 -[MIInstaller performInstallationWithError:]: Staging: 3.53s; Waiting: 0.00s; Installation: 6.16s; Overall: 9.81s
Jul 19 21:17:29 haxpors-mbp.local CoreSimulatorBridge[5853]: LaunchServices: NotifiedObservers <LSApplicationProxy: 0x7faacb502e00> org.haxpor.ZombieHero was installed
Jul 19 21:17:29 haxpors-mbp.local lsd[5864]: LaunchServices: Updating identifier store
Jul 19 21:17:29 haxpors-mbp.local /Applications/Xcode.app/Contents/Developer/Platforms/iPhoneSimulator.platform/Developer/SDKs/iPhoneSimulator.sdk/usr/libexec/lsd[5864]: LaunchServices: Failed to set the data protection class for /Users/haxpor/Library/Developer/CoreSimulator/Devices/3CD97526-5E6A-4670-A89F-D68A446BDF66/data/tmp/com.apple.IconsCache/org.haxpor.ZombieHero_CFBundleIcon[40]
Jul 19 21:17:29 haxpors-mbp.local SpringBoard[5845]: Installed apps did change.
	Added: {(
	)}
	Removed: {(
	)}
	Modified: {(
	    "org.haxpor.ZombieHero"
	)}
Jul 19 21:17:33 haxpors-mbp assertiond[5849]: assertion failed: 14E46 12H141: assertiond + 12334 [EDAF3958-87C7-3C61-A8E6-24689FBBE168]: 0x1
Jul 19 21:18:25 haxpors-mbp Zombie Hero - Fast Build[12769]: assertion failed: 14E46 12H141: libxpc.dylib + 59338 [AF8FA08F-353B-303B-A08E-AEBB3C60A640]: 0x7d
Jul 19 21:18:25 haxpors-mbp assertiond[5849]: assertion failed: 14E46 12H141: assertiond + 12334 [EDAF3958-87C7-3C61-A8E6-24689FBBE168]: 0x1
Jul 19 21:18:25 --- last message repeated 1 time ---
Jul 19 21:18:25 haxpors-mbp.local SpringBoard[5845]: [MPUSystemMediaControls] Updating supported commands for now playing application.
Jul 19 21:18:28 haxpors-mbp.local Zombie Hero - Fast Build[12769]: [Crashlytics] Version 3.0.9 (54)
Jul 19 21:18:28 haxpors-mbp.local Zombie Hero - Fast Build[12769]: cocos2d: surface size: 1136x640
Jul 19 21:18:28 --- last message repeated 1 time ---
Jul 19 21:18:28 haxpors-mbp assertiond[5849]: assertion failed: 14E46 12H141: assertiond + 12334 [EDAF3958-87C7-3C61-A8E6-24689FBBE168]: 0x1
Jul 19 21:18:29 haxpors-mbp.local backboardd[5846]: CoreAnimation: updates deferred for too long
Jul 19 21:18:29 haxpors-mbp.local backboardd[5846]: CoreAnimation: timed out fence b303
Jul 19 21:18:40 haxpors-mbp assertiond[5849]: assertion failed: 14E46 12H141: assertiond + 12334 [EDAF3958-87C7-3C61-A8E6-24689FBBE168]: 0x1
Jul 19 21:19:34 haxpors-mbp assertiond[5849]: assertion failed: 14E46 12H141: assertiond + 12334 [EDAF3958-87C7-3C61-A8E6-24689FBBE168]: 0x1
Jul 18 08:18:10 haxpors-mbp bootlog[0]: BOOT_TIME 1437182290 0
Jul 19 17:25:17 haxpors-mbp syslogd[5833]: Configuration Notice:
	ASL Module "com.apple.cloudd" claims selected messages.
	Those messages may not appear in standard system log files or in the ASL database.
Jul 19 17:25:17 haxpors-mbp syslogd[5833]: Configuration Notice:
	ASL Module "com.apple.testmanagerd" claims selected messages.
	Those messages may not appear in standard system log files or in the ASL database.
Jul 19 17:25:12 haxpors-mbp com.apple.CoreSimulator.SimDevice.3CD97526-5E6A-4670-A89F-D68A446BDF66.launchd_sim[5831]: assertion failed: 14E46: launchd_sim + 164366 [ED38649C-0141-3197-9AE6-67BBCD671479]: 0xd
Jul 19 17:25:12 haxpors-mbp com.apple.CoreSimulator.SimDevice.3CD97526-5E6A-4670-A89F-D68A446BDF66.launchd_sim[5831] (com.apple.SimulatorBridge): This service is defined to be constantly running and is inherently inefficient.
Jul 19 17:25:12 haxpors-mbp com.apple.CoreSimulator.SimDevice.3CD97526-5E6A-4670-A89F-D68A446BDF66.launchd_sim[5831] (com.apple.instruments.deviceservice): The JetsamProperties key is not available on this platform.
Jul 19 17:25:12 haxpors-mbp com.apple.CoreSimulator.SimDevice.3CD97526-5E6A-4670-A89F-D68A446BDF66.launchd_sim[5831] (com.apple.assertiond): This service is defined to be constantly running and is inherently inefficient.
Jul 19 17:25:12 haxpors-mbp com.apple.CoreSimulator.SimDevice.3CD97526-5E6A-4670-A89F-D68A446BDF66.launchd_sim[5831] (com.apple.assetsd.nebulad): The JetsamProperties key is not available on this platform.
Jul 19 17:25:12 haxpors-mbp com.apple.CoreSimulator.SimDevice.3CD97526-5E6A-4670-A89F-D68A446BDF66.launchd_sim[5831] (com.apple.assetsd.notificationServer): The HideUntilCheckIn property is an architectural performance issue. Please transition away from it.
Jul 19 17:25:12 haxpors-mbp com.apple.CoreSimulator.SimDevice.3CD97526-5E6A-4670-A89F-D68A446BDF66.launchd_sim[5831] (com.apple.assetsd): The JetsamProperties key is not available on this platform.
Jul 19 17:25:12 haxpors-mbp com.apple.CoreSimulator.SimDevice.3CD97526-5E6A-4670-A89F-D68A446BDF66.launchd_sim[5831] (com.apple.backboardd): Unknown key for Boolean: HighPriorityIO
Jul 19 17:25:12 haxpors-mbp com.apple.CoreSimulator.SimDevice.3CD97526-5E6A-4670-A89F-D68A446BDF66.launchd_sim[5831] (com.apple.backboardd): This service is defined to be constantly running and is inherently inefficient.
Jul 19 17:25:12 haxpors-mbp com.apple.CoreSimulator.SimDevice.3CD97526-5E6A-4670-A89F-D68A446BDF66.launchd_sim[5831] (com.apple.calaccessd.xpc): The HideUntilCheckIn property is an architectural performance issue. Please transition away from it.
Jul 19 17:25:12 haxpors-mbp com.apple.CoreSimulator.SimDevice.3CD97526-5E6A-4670-A89F-D68A446BDF66.launchd_sim[5831] (com.apple.calaccessd): The JetsamProperties key is not available on this platform.
Jul 19 17:25:12 haxpors-mbp com.apple.CoreSimulator.SimDevice.3CD97526-5E6A-4670-A89F-D68A446BDF66.launchd_sim[5831] (com.apple.certui.relay): ThrottleInterval set to zero. You're not that important. Ignoring.
Jul 19 17:25:24 haxpors-mbp.local configd_sim[5851]: network changed: v4(en1+:192.168.1.70) DNS+ Proxy+
Jul 19 17:25:42 haxpors-mbp.local fileproviderd[5835]: (Note ) FileProvider: /Applications/Xcode.app/Contents/Developer/Platforms/iPhoneSimulator.platform/Developer/SDKs/iPhoneSimulator.sdk/System/Library/PrivateFrameworks/FileProvider.framework/Support/fileproviderd starting.
Jul 19 17:25:50 haxpors-mbp.local installd[5840]: 0x10d6f8300 main: Reboot detected
Jul 19 17:25:51 haxpors-mbp.local installd[5840]: 0x10d6f8300 is_build_upgrade: Did not find last build info; we must be upgrading from pre-8.0 or this is an erase install.
Jul 19 17:25:52 haxpors-mbp.local installd[5840]: 0x10d6f8300 -[MISystemAppDataContainerMigrator performMigrationWithError:]: Migrating system app data containers
Jul 19 17:25:52 haxpors-mbp.local installd[5840]: 0x10d6f8300 -[MISystemAppDataContainerMigrator performMigrationWithError:]: Migration complete
Jul 19 17:25:55 haxpors-mbp.local distnoted[5863]: # distnote server daemon  absolute time: 27476.863551925   civil time: Sun Jul 19 17:25:55 2015   pid: 5863 uid: 501  root: yes
Jul 19 17:25:55 haxpors-mbp.local CoreSimulatorBridge[5853]: Switching to keyboard: en
Jul 19 17:25:56 haxpors-mbp.local securityd[5862]: unable to access hwaes key
Jul 19 17:25:59 haxpors-mbp.local backboardd[5846]: void __IOHIDPlugInLoadBundles(): Loaded 0 HID plugins
Jul 19 17:25:59 haxpors-mbp.local backboardd[5846]: ____IOHIDSessionScheduleAsync_block_invoke: thread_id=0x1120b0000
Jul 19 17:25:59 haxpors-mbp.local backboardd[5846]: HID Session async scheduling initiated.
Jul 19 17:25:59 haxpors-mbp.local backboardd[5846]: HID Session async root queue running at priority 63 and schedule 2.
Jul 19 17:25:59 haxpors-mbp.local backboardd[5846]: HID Session async scheduling complete.
Jul 19 17:26:03 haxpors-mbp com.apple.CoreSimulator.SimDevice.3CD97526-5E6A-4670-A89F-D68A446BDF66.launchd_sim[5831] (com.apple.imfoundation.IMRemoteURLConnectionAgent): The _DirtyJetsamMemoryLimit key is not available on this platform.
Jul 19 17:25:59 haxpors-mbp.local backboardd[5846]: Successfully opened the IOHIDSession
Jul 19 17:26:04 haxpors-mbp.local locationd[5848]: Logging binary sensor data to /Users/haxpor/Library/Developer/CoreSimulator/Devices/3CD97526-5E6A-4670-A89F-D68A446BDF66/data/Library/Caches/locationd/locationdSensors.bin
Jul 19 17:26:06 haxpors-mbp.local locationd[5848]: NBB-Could not get UDID for stable refill timing, falling back on random
Jul 19 17:26:08 haxpors-mbp.local filecoordinationd[5867]: (Error) FileProvider: Could not load bundle com.apple.CloudDocsFileProvider. Error: The bundle “CloudDocsFileProvider” couldn’t be loaded because it is damaged or missing necessary resources.
Jul 19 17:26:08 haxpors-mbp.local identityservicesd[5841]: [Warning] DeviceHeartbeat - Failed loading device heartbeat data from keychain -25300
Jul 19 17:26:09 haxpors-mbp.local backboardd[5846]: Migration complete (if performed). (Elapsed time: 1.35 seconds)
Jul 19 17:26:09 haxpors-mbp.local lsd[5864]: LaunchServices: Seeding database
Jul 19 17:26:09 haxpors-mbp.local mstreamd[5837]: (Note ) mstreamd: mstreamd starting up.
Jul 19 17:26:10 haxpors-mbp.local mstreamd[5837]: (Note ) PS: The subscription plugin class does not support push notification refreshing.
Jul 19 17:26:11 haxpors-mbp.local mstreamd[5837]: (Note ) PS: Media stream daemon starting...
Jul 19 17:26:12 haxpors-mbp com.apple.CoreSimulator.SimDevice.3CD97526-5E6A-4670-A89F-D68A446BDF66.launchd_sim[5831] (com.apple.imfoundation.IMRemoteURLConnectionAgent): The _DirtyJetsamMemoryLimit key is not available on this platform.
Jul 19 17:26:13 haxpors-mbp.local mstreamd[5837]: (Note ) AS: <MSASDaemonModel: 0x7fa01a432020>: Migrating database from version -1 to version 2.
Jul 19 17:26:13 haxpors-mbp.local mstreamd[5837]: (Note ) AS: <MSASDaemonModel: 0x7fa01a432020>: Set database version to 2.
Jul 19 17:26:16 haxpors-mbp.local identityservicesd[5841]: [Warning] Setting up a new database at path /Users/haxpor/Library/Developer/CoreSimulator/Devices/3CD97526-5E6A-4670-A89F-D68A446BDF66/data/Library/IdentityServices/ids.db.
Jul 19 17:26:17 haxpors-mbp.local mediaremoted[5838]: Normal message received by listener connection. Ignoring.
Jul 19 17:26:18 haxpors-mbp.local nanoregistryd[5870]: libMobileGestalt MobileGestalt.c:1025: Could not retrieve region info
Jul 19 17:26:18 haxpors-mbp.local identityservicesd[5841]: [Warning] Setting up a new database at path /Users/haxpor/Library/Developer/CoreSimulator/Devices/3CD97526-5E6A-4670-A89F-D68A446BDF66/data/Library/IdentityServices/ids-a.db.
Jul 19 17:26:18 haxpors-mbp.local locationd[5848]: PairedSync, Debugging at level 0 for console and level 0 for log files
Jul 19 17:26:18 haxpors-mbp.local locationd[5848]: Error: Could not create service from plist at path: file:///System/Library/PairedSyncServices/com.apple.pairedsync.locationauth.plist. Returning nil PSYSyncCoordinator for service name com.apple.pairedsync.locationauth.  Please check that your plist exists and is in the correct format.
Jul 19 17:26:18 haxpors-mbp.local locationd[5848]: Error: Could not create service from plist at path: file:///System/Library/PairedSyncServices/com.apple.pairedsync.locationd.plist. Returning nil PSYSyncCoordinator for service name com.apple.pairedsync.locationd.  Please check that your plist exists and is in the correct format.
Jul 19 17:26:19 haxpors-mbp.local identityservicesd[5841]: [Warning] Setting up a new database at path /Users/haxpor/Library/Developer/CoreSimulator/Devices/3CD97526-5E6A-4670-A89F-D68A446BDF66/data/Library/IdentityServices/ids-c.db.
Jul 19 17:26:19 haxpors-mbp.local identityservicesd[5841]: [Warning] NULL accountGUIDs passed to CFArrayRef IDSOutgoingMessageRecordCopyUnsentMessagesForAccountsAndPriority(NSArray *, int64_t, int64_t, IDSDataProtectionClass)
Jul 19 17:26:19 --- last message repeated 2 times ---
Jul 19 17:26:19 haxpors-mbp.local containermanagerd[5872]: 0x10fcde300 main: containermanagerd performing first boot initialization
Jul 19 17:26:20 haxpors-mbp.local installd[5840]: 0x10d6f8300 record_current_build_info: Recorded current system version as 12H141
Jul 19 17:26:19 haxpors-mbp.local locationd[5848]: Normal message received by listener connection. Ignoring.
Jul 19 17:26:20 haxpors-mbp.local installd[5840]: 0x10d6f8300 __47-[MIDeveloperDiskImageTracker checkMountPoint:]_block_invoke: /Applications/Xcode.app/Contents/Developer/Platforms/iPhoneSimulator.platform/Developer/SDKs/iPhoneSimulator.sdk/Developer/Applications is not present now or before
Jul 19 17:26:20 haxpors-mbp.local installd[5840]: 0x10f904000 -[MIClientConnection fetchInstalledAppsWithOptions:completion:]: Fetch installed apps requested by lsd (pid 5864) with options (null)
Jul 19 17:26:21 haxpors-mbp.local installd[5840]: 0x10f904000 -[MIContainer makeContainerLiveReplacingContainer:withError:]: Made container live for com.apple.AccountAuthenticationDialog at /Users/haxpor/Library/Developer/CoreSimulator/Devices/3CD97526-5E6A-4670-A89F-D68A446BDF66/data/Containers/Data/Application/5C96CB44-E00F-4CA2-BA9E-072DB0124BFF
Jul 19 17:26:22 haxpors-mbp.local installd[5840]: 0x10f904000 -[MIContainer makeContainerLiveReplacingContainer:withError:]: Made container live for com.apple.MobileAddressBook.ContactsViewService at /Users/haxpor/Library/Developer/CoreSimulator/Devices/3CD97526-5E6A-4670-A89F-D68A446BDF66/data/Containers/Data/PluginKitPlugin/61A2AF68-2E9E-47E8-A817-ACAD44E287FA
Jul 19 17:26:23 haxpors-mbp.local installd[5840]: 0x10f904000 -[MIContainer makeContainerLiveReplacingContainer:withError:]: Made container live for com.apple.datadetectors.DDActionsService at /Users/haxpor/Library/Developer/CoreSimulator/Devices/3CD97526-5E6A-4670-A89F-D68A446BDF66/data/Containers/Data/Application/B36F6B2A-4696-4AAC-ACAC-8C5B746263EF
Jul 19 17:26:24 haxpors-mbp com.apple.CoreSimulator.SimDevice.3CD97526-5E6A-4670-A89F-D68A446BDF66.launchd_sim[5831] (com.apple.imfoundation.IMRemoteURLConnectionAgent): The _DirtyJetsamMemoryLimit key is not available on this platform.
Jul 19 17:26:24 haxpors-mbp.local installd[5840]: 0x10f904000 -[MIContainer makeContainerLiveReplacingContainer:withError:]: Made container live for com.apple.Health at /Users/haxpor/Library/Developer/CoreSimulator/Devices/3CD97526-5E6A-4670-A89F-D68A446BDF66/data/Containers/Data/Application/C202EC2A-AA0E-4B3D-AA75-1AFD597AA2DB
Jul 19 17:26:24 haxpors-mbp com.apple.CoreSimulator.SimDevice.3CD97526-5E6A-4670-A89F-D68A446BDF66.launchd_sim[5831] (com.apple.accounts.dom): The _DirtyJetsamMemoryLimit key is not available on this platform.
Jul 19 17:26:24 haxpors-mbp.local installd[5840]: 0x10f904000 -[MIContainer makeContainerLiveReplacingContainer:withError:]: Made container live for com.apple.Health.HealthToRadar at /Users/haxpor/Library/Developer/CoreSimulator/Devices/3CD97526-5E6A-4670-A89F-D68A446BDF66/data/Containers/Data/PluginKitPlugin/1C3BF721-2CFE-4466-8F07-FC0658FB6065
Jul 19 17:26:24 haxpors-mbp.local installd[5840]: 0x10f904000 -[MIContainer makeContainerLiveReplacingContainer:withError:]: Made container live for com.apple.HealthPrivacyService at /Users/haxpor/Library/Developer/CoreSimulator/Devices/3CD97526-5E6A-4670-A89F-D68A446BDF66/data/Containers/Data/Application/224B3BF1-FF8A-4A72-B8A0-E61576BB5DD0
Jul 19 17:26:24 haxpors-mbp.local mediaremoted[5838]: Normal message received by listener connection. Ignoring.
Jul 19 17:26:25 haxpors-mbp.local installd[5840]: 0x10f904000 -[MIContainer makeContainerLiveReplacingContainer:withError:]: Made container live for com.apple.Maps at /Users/haxpor/Library/Developer/CoreSimulator/Devices/3CD97526-5E6A-4670-A89F-D68A446BDF66/data/Containers/Data/Application/FE9AC037-1058-42FF-8852-EEDF4891C586
Jul 19 17:26:26 haxpors-mbp.local installd[5840]: 0x10f904000 -[MIContainer makeContainerLiveReplacingContainer:withError:]: Made container live for com.apple.mobilecal.taptoradar at /Users/haxpor/Library/Developer/CoreSimulator/Devices/3CD97526-5E6A-4670-A89F-D68A446BDF66/data/Containers/Data/PluginKitPlugin/982EB324-66DB-4124-8622-67BB7289CB65
Jul 19 17:26:26 haxpors-mbp.local installd[5840]: 0x10f904000 -[MIContainer makeContainerLiveReplacingContainer:withError:]: Made container live for com.apple.mobilecal.widget at /Users/haxpor/Library/Developer/CoreSimulator/Devices/3CD97526-5E6A-4670-A89F-D68A446BDF66/data/Containers/Data/PluginKitPlugin/BCFD5A1D-7E57-4F24-9AC1-B7C8FD3E6D17
Jul 19 17:26:26 haxpors-mbp.local installd[5840]: 0x10f904000 -[MIContainer makeContainerLiveReplacingContainer:withError:]: Made container live for com.apple.mobilesafari at /Users/haxpor/Library/Developer/CoreSimulator/Devices/3CD97526-5E6A-4670-A89F-D68A446BDF66/data/Containers/Data/Application/E66C0294-064B-444C-A49F-6E61BD9FFD1F
Jul 19 17:26:27 haxpors-mbp.local itunesstored[5873]: Normal message received by listener connection. Ignoring.
Jul 19 17:26:27 --- last message repeated 1 time ---
Jul 19 17:26:27 haxpors-mbp.local installd[5840]: 0x10f904000 -[MIContainer makeContainerLiveReplacingContainer:withError:]: Made container live for com.apple.mobilesafari.RCSafariExtension at /Users/haxpor/Library/Developer/CoreSimulator/Devices/3CD97526-5E6A-4670-A89F-D68A446BDF66/data/Containers/Data/PluginKitPlugin/7B8F54F5-525D-4DFD-8673-419450F765A5
Jul 19 17:26:27 haxpors-mbp.local installd[5840]: 0x10f904000 -[MIContainer makeContainerLiveReplacingContainer:withError:]: Made container live for com.apple.mobilesafari.SafariDiagnosticExtension at /Users/haxpor/Library/Developer/CoreSimulator/Devices/3CD97526-5E6A-4670-A89F-D68A446BDF66/data/Containers/Data/PluginKitPlugin/C7F38713-E2B1-4B77-9D8A-26501DE864DA
Jul 19 17:26:27 haxpors-mbp.local installd[5840]: 0x10f904000 -[MIContainer makeContainerLiveReplacingContainer:withError:]: Made container live for com.apple.mobileslideshow.StreamShareService at /Users/haxpor/Library/Developer/CoreSimulator/Devices/3CD97526-5E6A-4670-A89F-D68A446BDF66/data/Containers/Data/PluginKitPlugin/AA5AEE9D-839E-4FCC-9B8D-A110C2F5B0E7
Jul 19 17:26:29 haxpors-mbp.local installd[5840]: 0x10f904000 -[MIContainer makeContainerLiveReplacingContainer:withError:]: Made container live for com.apple.social.SLGoogleAuth.SLGoogleAuthService at /Users/haxpor/Library/Developer/CoreSimulator/Devices/3CD97526-5E6A-4670-A89F-D68A446BDF66/data/Containers/Data/PluginKitPlugin/00043B7E-D693-473A-8E96-397A0619EE3A
Jul 19 17:26:30 haxpors-mbp.local installd[5840]: 0x10f904000 -[MIContainer makeContainerLiveReplacingContainer:withError:]: Made container live for com.apple.share.Facebook.post at /Users/haxpor/Library/Developer/CoreSimulator/Devices/3CD97526-5E6A-4670-A89F-D68A446BDF66/data/Containers/Data/PluginKitPlugin/21835B69-62AF-4C6A-B4C0-3E404EBDB361
Jul 19 17:26:30 haxpors-mbp.local installd[5840]: 0x10f904000 -[MIContainer makeContainerLiveReplacingContainer:withError:]: Made container live for com.apple.share.Flickr.post at /Users/haxpor/Library/Developer/CoreSimulator/Devices/3CD97526-5E6A-4670-A89F-D68A446BDF66/data/Containers/Data/PluginKitPlugin/6323D4A3-481F-469B-9B5A-006ACF9D8959
Jul 19 17:26:30 haxpors-mbp.local installd[5840]: 0x10f904000 -[MIContainer makeContainerLiveReplacingContainer:withError:]: Made container live for com.apple.share.SinaWeibo.post at /Users/haxpor/Library/Developer/CoreSimulator/Devices/3CD97526-5E6A-4670-A89F-D68A446BDF66/data/Containers/Data/PluginKitPlugin/1AA20C88-DF5E-4FF8-9E65-DFAC719CE1AB
Jul 19 17:26:31 haxpors-mbp.local installd[5840]: 0x10f904000 -[MIContainer makeContainerLiveReplacingContainer:withError:]: Made container live for com.apple.share.TencentWeibo.post at /Users/haxpor/Library/Developer/CoreSimulator/Devices/3CD97526-5E6A-4670-A89F-D68A446BDF66/data/Containers/Data/PluginKitPlugin/85351AC7-B13F-47E9-8AD5-18503A20C32D
Jul 19 17:26:31 haxpors-mbp.local installd[5840]: 0x10f904000 -[MIContainer makeContainerLiveReplacingContainer:withError:]: Made container live for com.apple.share.Twitter.post at /Users/haxpor/Library/Developer/CoreSimulator/Devices/3CD97526-5E6A-4670-A89F-D68A446BDF66/data/Containers/Data/PluginKitPlugin/40D19144-2E5D-469C-B58E-44A35BC6F238
Jul 19 17:26:31 haxpors-mbp.local installd[5840]: 0x10f904000 -[MIContainer makeContainerLiveReplacingContainer:withError:]: Made container live for com.apple.share.Vimeo.post at /Users/haxpor/Library/Developer/CoreSimulator/Devices/3CD97526-5E6A-4670-A89F-D68A446BDF66/data/Containers/Data/PluginKitPlugin/246D3AFB-E65B-445C-BEEC-E499262A1D5F
Jul 19 17:26:32 haxpors-mbp.local installd[5840]: 0x10f904000 -[MIContainer makeContainerLiveReplacingContainer:withError:]: Made container live for com.apple.ios.StoreKitUIService at /Users/haxpor/Library/Developer/CoreSimulator/Devices/3CD97526-5E6A-4670-A89F-D68A446BDF66/data/Containers/Data/Application/1996241A-B256-47D9-AFAE-023BA8CDC23C
Jul 19 17:26:32 haxpors-mbp.local installd[5840]: 0x10f904000 -[MIContainer makeContainerLiveReplacingContainer:withError:]: Made container live for com.apple.webapp at /Users/haxpor/Library/Developer/CoreSimulator/Devices/3CD97526-5E6A-4670-A89F-D68A446BDF66/data/Containers/Data/Application/95DA53D0-AA31-4E7C-942E-F681D47CE341
Jul 19 17:26:32 haxpors-mbp.local installd[5840]: 0x10f904000 -[MIContainer makeContainerLiveReplacingContainer:withError:]: Made container live for com.apple.webapp1 at /Users/haxpor/Library/Developer/CoreSimulator/Devices/3CD97526-5E6A-4670-A89F-D68A446BDF66/data/Containers/Data/Application/DE62FEEC-8761-463C-BA71-E8545899A961
Jul 19 17:26:32 haxpors-mbp.local installd[5840]: 0x10f904000 -[MIContainer makeContainerLiveReplacingContainer:withError:]: Made container live for com.apple.WebContentFilter.remoteUI.WebContentAnalysisUI at /Users/haxpor/Library/Developer/CoreSimulator/Devices/3CD97526-5E6A-4670-A89F-D68A446BDF66/data/Containers/Data/Application/3AB26CD0-A40D-4569-91E6-04399E1CDE37
Jul 19 17:26:33 haxpors-mbp.local installd[5840]: 0x10f904000 -[MIContainer makeContainerLiveReplacingContainer:withError:]: Made container live for com.apple.WebViewService at /Users/haxpor/Library/Developer/CoreSimulator/Devices/3CD97526-5E6A-4670-A89F-D68A446BDF66/data/Containers/Data/Application/BC6F6E12-6595-4D42-82D3-817D00F49820
Jul 19 17:26:34 haxpors-mbp.local installd[5840]: 0x10f904000 -[MIContainer makeContainerLiveReplacingContainer:withError:]: Made container live for com.apple.cloudkit.CloudKit.CloudKitTapToRadar at /Users/haxpor/Library/Developer/CoreSimulator/Devices/3CD97526-5E6A-4670-A89F-D68A446BDF66/data/Containers/Data/PluginKitPlugin/40E2CC30-3D13-4DAA-B23E-7C79A6190CA4
Jul 19 17:26:35 haxpors-mbp.local callservicesd[5875]: Normal message received by listener connection. Ignoring.
Jul 19 17:26:36 --- last message repeated 1 time ---
Jul 19 17:26:36 haxpors-mbp.local installd[5840]: 0x10f904000 -[MIBundle _validateWithError:]: 37: Bundle at path /Applications/Xcode.app/Contents/Developer/Platforms/iPhoneSimulator.platform/Developer/SDKs/iPhoneSimulator.sdk/System/Library/Frameworks/JavaScriptCore.framework did not have a CFBundleIdentifier in its Info.plist
Jul 19 17:26:37 haxpors-mbp.local installd[5840]: 0x10f904000 -[MIContainer makeContainerLiveReplacingContainer:withError:]: Made container live for com.apple.PassKit.ApplePayTapToRadar at /Users/haxpor/Library/Developer/CoreSimulator/Devices/3CD97526-5E6A-4670-A89F-D68A446BDF66/data/Containers/Data/PluginKitPlugin/58C2727A-02C6-4AD3-9EE4-ED50475CA650
Jul 19 17:26:39 haxpors-mbp.local installd[5840]: 0x10f904000 -[MIContainer makeContainerLiveReplacingContainer:withError:]: Made container live for com.apple.UIKit.fileprovider.default at /Users/haxpor/Library/Developer/CoreSimulator/Devices/3CD97526-5E6A-4670-A89F-D68A446BDF66/data/Containers/Data/PluginKitPlugin/EFA5EAD3-1342-4354-9B4C-F14ED10DF509
Jul 19 17:26:39 haxpors-mbp.local installd[5840]: 0x10f904000 -[MIContainer makeContainerLiveReplacingContainer:withError:]: Made container live for com.apple.UIKit.shareinvitation at /Users/haxpor/Library/Developer/CoreSimulator/Devices/3CD97526-5E6A-4670-A89F-D68A446BDF66/data/Containers/Data/PluginKitPlugin/A959177E-624C-4BAD-B0CD-C27E774E0E08
Jul 19 17:26:39 haxpors-mbp.local installd[5840]: 0x10f904000 __69-[MIFileManager urlsForItemsInDirectoryAtURL:ignoringSymlinks:error:]_block_invoke: Ignoring symlink at /Applications/Xcode.app/Contents/Developer/Platforms/iPhoneSimulator.platform/Developer/SDKs/iPhoneSimulator.sdk/System/Library/PrivateFrameworks/WebKit.framework
Jul 19 17:26:40 haxpors-mbp.local installd[5840]: 0x10f904000 -[MIContainer makeContainerLiveReplacingContainer:withError:]: Made container live for com.apple.accessibility.Accessibility.AXTapToRadar at /Users/haxpor/Library/Developer/CoreSimulator/Devices/3CD97526-5E6A-4670-A89F-D68A446BDF66/data/Containers/Data/PluginKitPlugin/15E83A98-D28D-4E9E-A458-DE9FE9056830
Jul 19 17:26:40 haxpors-mbp.local installd[5840]: 0x10f904000 -[MIContainer makeContainerLiveReplacingContainer:withError:]: Made container live for com.apple.accessibility.Accessibility.GuidedAccessTapToRadar at /Users/haxpor/Library/Developer/CoreSimulator/Devices/3CD97526-5E6A-4670-A89F-D68A446BDF66/data/Containers/Data/PluginKitPlugin/94E5FC6C-305F-4497-BF08-F955B480CF20
Jul 19 17:26:40 haxpors-mbp.local installd[5840]: 0x10f904000 -[MIContainer makeContainerLiveReplacingContainer:withError:]: Made container live for com.apple.accessibility.Accessibility.HearingAidsTapToRadar at /Users/haxpor/Library/Developer/CoreSimulator/Devices/3CD97526-5E6A-4670-A89F-D68A446BDF66/data/Containers/Data/PluginKitPlugin/BBDDF4EB-3FDF-4E65-B868-C86C09784014
Jul 19 17:26:40 haxpors-mbp.local installd[5840]: 0x10f904000 -[MIContainer makeContainerLiveReplacingContainer:withError:]: Made container live for com.apple.accessibility.Accessibility.SwitchControlTapToRadar at /Users/haxpor/Library/Developer/CoreSimulator/Devices/3CD97526-5E6A-4670-A89F-D68A446BDF66/data/Containers/Data/PluginKitPlugin/C7C5988E-18E2-48DF-A9D5-305148A012A3
Jul 19 17:26:42 haxpors-mbp.local profiled[5868]: (Note ) profiled: Service starting...
Jul 19 17:26:42 haxpors-mbp.local profiled[5868]: (Note ) MC: Managed Configuration migrating...
Jul 19 17:26:43 haxpors-mbp.local installd[5840]: 0x10f904000 -[MIContainer makeContainerLiveReplacingContainer:withError:]: Made container live for com.apple.accessibility.Accessibility.VoiceOverTapToRadar at /Users/haxpor/Library/Developer/CoreSimulator/Devices/3CD97526-5E6A-4670-A89F-D68A446BDF66/data/Containers/Data/PluginKitPlugin/ADCF81EA-13A2-4BF1-8309-6236000081E1
Jul 19 17:26:43 haxpors-mbp.local profiled[5868]: (Note ) MC: Beginning manifest migration...
Jul 19 17:26:43 haxpors-mbp.local profiled[5868]: (Note ) MC: Removing duplicated hidden profile identifiers...
Jul 19 17:26:43 haxpors-mbp.local profiled[5868]: (Note ) MC: Completed removing duplicated hidden profile identifiers.
Jul 19 17:26:43 haxpors-mbp.local profiled[5868]: (Note ) MC: Creating stubs...
Jul 19 17:26:43 haxpors-mbp.local profiled[5868]: (Note ) MC: Removing orphaned profiles...
Jul 19 17:26:43 haxpors-mbp.local profiled[5868]: (Note ) MC: Transferring profile signer certificates...
Jul 19 17:26:43 haxpors-mbp.local profiled[5868]: (Note ) MC: Migrating removal passwords...
Jul 19 17:26:44 haxpors-mbp.local profiled[5868]: (Note ) MC: Completed migrating removal passwords.
Jul 19 17:26:44 haxpors-mbp.local profiled[5868]: (Note ) MC: Migrating defaults to managed preferences area...
Jul 19 17:26:44 haxpors-mbp.local profiled[5868]: (Note ) MC: Completed migrating defaults.
Jul 19 17:26:44 haxpors-mbp.local profiled[5868]: (Note ) MC: Migrating OTA profiles...
Jul 19 17:26:44 haxpors-mbp.local profiled[5868]: (Note ) MC: Completed migrating OTA profiles.
Jul 19 17:26:44 haxpors-mbp.local profiled[5868]: (Note ) MC: Transferring installation dates...
Jul 19 17:26:44 haxpors-mbp.local profiled[5868]: (Note ) MC: Completed transferring installation dates.
Jul 19 17:26:44 haxpors-mbp.local profiled[5868]: (Note ) MC: Transferring tags to profiles...
Jul 19 17:26:44 haxpors-mbp.local profiled[5868]: (Note ) MC: Completed transferring tags.
Jul 19 17:26:44 haxpors-mbp.local profiled[5868]: (Note ) MC: Removing old profile copies...
Jul 19 17:26:44 haxpors-mbp.local profiled[5868]: (Note ) MC: Completed removing old profile copies.
Jul 19 17:26:44 haxpors-mbp.local profiled[5868]: (Note ) MC: Applying default user settings...
Jul 19 17:26:44 haxpors-mbp.local SpringBoard[5845]: +[SBPushStore migratePushStore] Migrating push store: /Users/haxpor/Library/Developer/CoreSimulator/Devices/3CD97526-5E6A-4670-A89F-D68A446BDF66/data/Library/SpringBoard/PushStore
Jul 19 17:26:44 haxpors-mbp.local SpringBoard[5845]: +[SBPushStore migratePushStore] Push store does not exist; no migration needed.
Jul 19 17:26:44 haxpors-mbp.local profiled[5868]: (Note ) MC: Applying iPhone defaults
Jul 19 17:26:45 haxpors-mbp.local backboardd[5846]: Telling system app "com.apple.springboard" that it can start immediately
Jul 19 17:26:45 haxpors-mbp.local backboardd[5846]: BKSystemAppSentinel: Now monitoring "com.apple.springboard"
Jul 19 17:26:45 haxpors-mbp.local installd[5840]: 0x10f904000 -[MIContainer makeContainerLiveReplacingContainer:withError:]: Made container live for com.apple.CloudDocsDaemon.TTR-extension at /Users/haxpor/Library/Developer/CoreSimulator/Devices/3CD97526-5E6A-4670-A89F-D68A446BDF66/data/Containers/Data/PluginKitPlugin/98499202-6D17-42CD-A578-617060830C39
Jul 19 17:26:45 haxpors-mbp.local SpringBoard[5845]: Loaded logger: FBDefaultLog; isEnabled: 0
