Jul 19 20:13:38 haxpors-mbp.local installd[11334]: 0x1065ec000 __MDMDirectoryDiff_block_invoke29: calling writeDictToFile with: /Users/haxpor/Library/Developer/CoreSimulator/Devices/3CD97526-5E6A-4670-A89F-D68A446BDF66/data/Library/Caches/com.apple.mobile.installd.staging/temp.0s2ul9/extracted/ManifestCache.plist
Jul 19 20:13:38 haxpors-mbp.local installd[11334]: 0x1065ec000 writeDictToFile: ==== Successfully wrote Manifest cache to /Users/haxpor/Library/Developer/CoreSimulator/Devices/3CD97526-5E6A-4670-A89F-D68A446BDF66/data/Library/Caches/com.apple.mobile.installd.staging/temp.0s2ul9/extracted/ManifestCache.plist
Jul 19 20:13:39 haxpors-mbp.local installd[11334]: 0x1088a4000 -[MIInstaller performInstallationWithError:]: Installing <MIInstallableBundlePatch ID=org.haxpor.ZombieHero; Version=0.801.5.1, ShortVersion=(null)>
Jul 19 20:13:39 haxpors-mbp.local installd[11334]: 0x1088a4000 -[MIInstallableBundlePatch applyPatchWithError:]: Attempting patch update of org.haxpor.ZombieHero from 0.801.5.1 ((null)) to 0.801.5.1 ((null))
Jul 19 20:13:41 haxpors-mbp.local SpringBoard[5845]: Killing org.haxpor.ZombieHero for termination assertion
Jul 19 20:13:41 haxpors-mbp.local pkd[11336]: releasing plug-in hold 10156F10-A9D9-4721-94B9-DAEFA7F87F13 for dead client pid 5845
Jul 19 20:13:42 haxpors-mbp.local installd[11334]: 0x1088a4000 -[MIInstallableBundle _refreshUUIDForContainer:withError:]: Data container for org.haxpor.ZombieHero is now at /Users/haxpor/Library/Developer/CoreSimulator/Devices/3CD97526-5E6A-4670-A89F-D68A446BDF66/data/Containers/Data/Application/C32E5DDD-0052-480B-9F31-9BB1FBD47553
Jul 19 20:13:42 haxpors-mbp.local installd[11334]: 0x1088a4000 -[MIContainer makeContainerLiveReplacingContainer:withError:]: Made container live for org.haxpor.ZombieHero at /Users/haxpor/Library/Developer/CoreSimulator/Devices/3CD97526-5E6A-4670-A89F-D68A446BDF66/data/Containers/Bundle/Application/C792A3AD-A274-4D51-BF22-35707F501C12
Jul 19 20:13:42 haxpors-mbp.local installd[11334]: 0x1088a4000 -[MIInstaller performInstallationWithError:]: Staging: 2.79s; Waiting: 0.00s; Installation: 3.02s; Overall: 5.86s
Jul 19 20:13:42 haxpors-mbp.local CoreSimulatorBridge[5853]: LaunchServices: NotifiedObservers <LSApplicationProxy: 0x7faacb502e00> org.haxpor.ZombieHero was installed
Jul 19 20:13:42 haxpors-mbp.local lsd[5864]: LaunchServices: Updating identifier store
Jul 19 20:13:42 haxpors-mbp.local /Applications/Xcode.app/Contents/Developer/Platforms/iPhoneSimulator.platform/Developer/SDKs/iPhoneSimulator.sdk/usr/libexec/lsd[5864]: LaunchServices: Failed to set the data protection class for /Users/haxpor/Library/Developer/CoreSimulator/Devices/3CD97526-5E6A-4670-A89F-D68A446BDF66/data/tmp/com.apple.IconsCache/org.haxpor.ZombieHero_CFBundleIcon[40]
Jul 19 20:13:42 haxpors-mbp.local SpringBoard[5845]: Installed apps did change.
	Added: {(
	)}
	Removed: {(
	)}
	Modified: {(
	    "org.haxpor.ZombieHero"
	)}
Jul 19 20:13:42 haxpors-mbp.local SpringBoard[5845]: could not find icon for representation -> com.apple.MobileSMS
Jul 19 20:13:42 haxpors-mbp.local SpringBoard[5845]: throwing out icon because its isn't visible in the model : node=<SBApplicationIcon: 0x7fccb9c936a0; nodeID: "com.apple.camera"> com.apple.camera
Jul 19 20:13:42 haxpors-mbp.local SpringBoard[5845]: could not find icon for representation -> com.apple.weather
Jul 19 20:13:42 haxpors-mbp.local SpringBoard[5845]: could not find icon for representation -> com.apple.mobiletimer
Jul 19 20:13:42 haxpors-mbp.local SpringBoard[5845]: could not find icon for representation -> com.apple.videos
Jul 19 20:13:42 haxpors-mbp.local SpringBoard[5845]: could not find icon for representation -> com.apple.mobilenotes
Jul 19 20:13:42 haxpors-mbp.local SpringBoard[5845]: could not find icon for representation -> com.apple.reminders
Jul 19 20:13:42 haxpors-mbp.local SpringBoard[5845]: could not find icon for representation -> com.apple.stocks
Jul 19 20:13:42 haxpors-mbp.local SpringBoard[5845]: could not find icon for representation -> com.apple.iBooks
Jul 19 20:13:42 haxpors-mbp.local SpringBoard[5845]: could not find icon for representation -> com.apple.MobileStore
Jul 19 20:13:42 haxpors-mbp.local SpringBoard[5845]: could not find icon for representation -> com.apple.AppStore
Jul 19 20:13:42 haxpors-mbp.local SpringBoard[5845]: could not find icon for representation -> com.apple.facetime
Jul 19 20:13:42 haxpors-mbp.local SpringBoard[5845]: could not find icon for representation -> com.apple.calculator
Jul 19 20:13:42 haxpors-mbp.local SpringBoard[5845]: could not find icon for representation -> com.apple.podcasts
Jul 19 20:13:42 haxpors-mbp.local SpringBoard[5845]: could not find icon for representation -> com.apple.compass
Jul 19 20:13:42 haxpors-mbp.local SpringBoard[5845]: could not find icon for representation -> com.apple.tips
Jul 19 20:13:42 haxpors-mbp.local SpringBoard[5845]: could not find icon for representation -> com.apple.VoiceMemos
Jul 19 20:13:42 haxpors-mbp.local SpringBoard[5845]: could not find icon for representation -> com.apple.Bridge
Jul 19 20:13:42 haxpors-mbp.local SpringBoard[5845]: could not find icon for representation -> com.apple.mobilephone
Jul 19 20:13:42 haxpors-mbp.local SpringBoard[5845]: could not find icon for representation -> com.apple.mobilemail
Jul 19 20:13:42 haxpors-mbp.local SpringBoard[5845]: could not find icon for representation -> com.apple.Music
Jul 19 20:13:44 haxpors-mbp.local CoreSimulatorBridge[5853]: Failed to lookup the process ID of org.haxpor.ZombieHero after successful launch.  Perhaps it crashed after launch.
Jul 19 20:13:44 haxpors-mbp assertiond[5849]: assertion failed: 14E46 12H141: assertiond + 12334 [EDAF3958-87C7-3C61-A8E6-24689FBBE168]: 0x1
Jul 19 20:13:55 haxpors-mbp Zombie Hero - Fast Build[11885]: assertion failed: 14E46 12H141: libxpc.dylib + 59338 [AF8FA08F-353B-303B-A08E-AEBB3C60A640]: 0x7d
Jul 19 20:13:56 haxpors-mbp assertiond[5849]: assertion failed: 14E46 12H141: assertiond + 12334 [EDAF3958-87C7-3C61-A8E6-24689FBBE168]: 0x1
Jul 19 20:13:56 --- last message repeated 1 time ---
Jul 19 20:13:56 haxpors-mbp.local SpringBoard[5845]: [MPUSystemMediaControls] Updating supported commands for now playing application.
Jul 19 20:13:58 haxpors-mbp.local Zombie Hero - Fast Build[11885]: [Crashlytics] Version 3.0.9 (54)
Jul 19 20:13:58 haxpors-mbp.local Zombie Hero - Fast Build[11885]: cocos2d: surface size: 1136x640
Jul 19 20:13:59 --- last message repeated 1 time ---
Jul 19 20:13:59 haxpors-mbp assertiond[5849]: assertion failed: 14E46 12H141: assertiond + 12334 [EDAF3958-87C7-3C61-A8E6-24689FBBE168]: 0x1
Jul 19 20:14:32 --- last message repeated 1 time ---
Jul 19 20:14:35 haxpors-mbp.local Zombie Hero - Fast Build[11885]: Init OptionSceneCompanion_iOS
Jul 19 20:14:58 haxpors-mbp com.apple.CoreSimulator.SimDevice.3CD97526-5E6A-4670-A89F-D68A446BDF66.launchd_sim[5831] (com.apple.imfoundation.IMRemoteURLConnectionAgent): The _DirtyJetsamMemoryLimit key is not available on this platform.
Jul 19 20:14:59 haxpors-mbp assertiond[5849]: assertion failed: 14E46 12H141: assertiond + 12334 [EDAF3958-87C7-3C61-A8E6-24689FBBE168]: 0x1
Jul 19 20:14:59 haxpors-mbp.local SpringBoard[5845]: table drop: 101
Jul 19 20:15:00 haxpors-mbp assertiond[5849]: assertion failed: 14E46 12H141: assertiond + 12334 [EDAF3958-87C7-3C61-A8E6-24689FBBE168]: 0x1
Jul 19 20:15:00 --- last message repeated 3 times ---
Jul 19 20:15:00 haxpors-mbp.local SpringBoard[5845]: BSXPCMessage received error for message: Connection interrupted
Jul 19 20:15:00 --- last message repeated 3 times ---
Jul 19 20:15:00 haxpors-mbp assertiond[5849]: assertion failed: 14E46 12H141: assertiond + 12334 [EDAF3958-87C7-3C61-A8E6-24689FBBE168]: 0x1
Jul 19 20:15:00 haxpors-mbp.local SpringBoard[5845]: Application 'UIKitApplication:org.haxpor.ZombieHero[0x837e]' exited voluntarily.
Jul 19 20:15:00 haxpors-mbp.local assertiond[5849]: notify_suspend_pid() failed with error 7
Jul 19 20:15:00 haxpors-mbp assertiond[5849]: assertion failed: 14E46 12H141: assertiond + 12334 [EDAF3958-87C7-3C61-A8E6-24689FBBE168]: 0x1
Jul 19 20:15:07 haxpors-mbp.local SpringBoard[5845]: [MPUSystemMediaControls] Updating supported commands for now playing application.
Jul 19 20:15:32 --- last message repeated 1 time ---
Jul 19 20:15:32 haxpors-mbp.local SpringBoard[5845]: Can't retrieve iCloud application usage information for: org.haxpor.ZombieHero : The operation couldn’t be completed. (BRCloudDocsErrorDomain error 2 - Logged out - iCloud Drive is not configured)
Jul 19 20:15:37 haxpors-mbp.local SpringBoard[5845]: Installed apps did change.
	Added: (null)
	Removed: {(
	    "org.haxpor.ZombieHero"
	)}
	Modified: (null)
Jul 19 20:15:37 haxpors-mbp.local SpringBoard[5845]: LaunchServices: Uninstalling app <LSApplicationProxy: 0x7fccbc51fd70> org.haxpor.ZombieHero
Jul 19 20:15:37 haxpors-mbp.local installd[11334]: 0x10871b000 -[MIClientConnection uninstallIdentifiers:withOptions:completion:]: Uninstall requested by SpringBoard (pid 5845) with options: (null)
Jul 19 20:15:37 haxpors-mbp.local installd[11334]: 0x10871b000 -[MIUninstaller _uninstallBundleWithIdentifier:error:]: Uninstalling identifier org.haxpor.ZombieHero
Jul 19 20:15:37 haxpors-mbp.local installd[11334]: 0x10871b000 -[MIUninstallNotifier performRemovalWithCompletionBlock:]: Destroying container with identifier org.haxpor.ZombieHero at /Users/haxpor/Library/Developer/CoreSimulator/Devices/3CD97526-5E6A-4670-A89F-D68A446BDF66/data/Containers/Bundle/Application/C792A3AD-A274-4D51-BF22-35707F501C12
Jul 19 20:15:37 haxpors-mbp.local installd[11334]: 0x10871b000 -[MIUninstallNotifier performRemovalWithCompletionBlock:]: Destroying container with identifier org.haxpor.ZombieHero at /Users/haxpor/Library/Developer/CoreSimulator/Devices/3CD97526-5E6A-4670-A89F-D68A446BDF66/data/Containers/Data/Application/C32E5DDD-0052-480B-9F31-9BB1FBD47553
Jul 19 20:15:37 haxpors-mbp.local SpringBoard[5845]: LaunchServies: No placeholder bundle to remove for org.haxpor.ZombieHero.
Jul 19 20:15:37 haxpors-mbp.local lsd[5864]: LaunchServices: Updating identifier store
Jul 19 20:15:37 haxpors-mbp.local SpringBoard[5845]: LaunchServices: NotifiedObservers <LSApplicationProxy: 0x7fccbc51fd70> org.haxpor.ZombieHero was uninstalled
Jul 19 20:17:09 haxpors-mbp.local DTMobileIS[7428]: Could not create service named com.apple.instruments.server.services.processcontrol.posixspawn
Jul 19 20:17:09 haxpors-mbp.local DTMobileIS[7428]: Could not create service named com.apple.instruments.server.services.launchdaemon
Jul 19 20:17:09 haxpors-mbp.local CoreSimulatorBridge[5853]: LaunchServices: installing app for existing placeholder <LSApplicationProxy: 0x7faacb634390> org.haxpor.ZombieHero
Jul 19 20:17:09 haxpors-mbp.local CoreSimulatorBridge[5853]: LaunchServices: Not creating progress for <LSApplicationProxy: 0x7faacb634390> org.haxpor.ZombieHero since it is not a placeholder.
Jul 19 20:17:09 haxpors-mbp.local installd[11334]: 0x1065ec000 -[MIClientConnection _doBackgroundInstallationForPath:withOptions:completion:]: Install of "/Users/haxpor/Library/Developer/Xcode/DerivedData/ZombieHero-erdynsruzgedcidywngbikwfyczm/Build/Products/Debug-iphonesimulator/Zombie Hero - Fast Build.app" type Developer requested by CoreSimulatorBridge (pid 5853)
Jul 19 20:17:10 haxpors-mbp.local installd[11334]: 0x1065ec000 -[MIInstaller _extractPackageWithError:]: Did not construct delta; doing full copy for installation.
Jul 19 20:18:04 haxpors-mbp.local installd[11334]: 0x1065ec000 -[MIInstaller performInstallationWithError:]: Installing <MIInstallableBundle ID=org.haxpor.ZombieHero; Version=0.801.5.1, ShortVersion=(null)>
Jul 19 20:18:05 haxpors-mbp.local installd[11334]: 0x1065ec000 -[MIContainer makeContainerLiveReplacingContainer:withError:]: Made container live for org.haxpor.ZombieHero at /Users/haxpor/Library/Developer/CoreSimulator/Devices/3CD97526-5E6A-4670-A89F-D68A446BDF66/data/Containers/Data/Application/8B5DA5AB-C727-4024-83E9-B42776D73B16
Jul 19 20:18:05 haxpors-mbp.local installd[11334]: 0x1065ec000 -[MIContainer makeContainerLiveReplacingContainer:withError:]: Made container live for org.haxpor.ZombieHero at /Users/haxpor/Library/Developer/CoreSimulator/Devices/3CD97526-5E6A-4670-A89F-D68A446BDF66/data/Containers/Bundle/Application/DFA6BBB1-1F71-40CC-B91D-12B50D6FFDBF
Jul 19 20:18:05 haxpors-mbp.local installd[11334]: 0x1065ec000 -[MIInstaller performInstallationWithError:]: Staging: 54.86s; Waiting: 0.00s; Installation: 0.53s; Overall: 55.45s
Jul 19 20:18:05 haxpors-mbp.local CoreSimulatorBridge[5853]: LaunchServices: NotifiedObservers <LSApplicationProxy: 0x7faacb502e00> org.haxpor.ZombieHero was installed
Jul 19 20:18:05 haxpors-mbp.local lsd[5864]: LaunchServices: Updating identifier store
Jul 19 20:18:05 haxpors-mbp.local SpringBoard[5845]: Installed apps did change.
	Added: {(
	    "org.haxpor.ZombieHero"
	)}
	Removed: {(
	)}
	Modified: {(
	)}
Jul 19 20:18:05 haxpors-mbp.local /Applications/Xcode.app/Contents/Developer/Platforms/iPhoneSimulator.platform/Developer/SDKs/iPhoneSimulator.sdk/usr/libexec/lsd[5864]: LaunchServices: Failed to set the data protection class for /Users/haxpor/Library/Developer/CoreSimulator/Devices/3CD97526-5E6A-4670-A89F-D68A446BDF66/data/tmp/com.apple.IconsCache/org.haxpor.ZombieHero_CFBundleIcon[40]
Jul 19 20:18:10 haxpors-mbp assertiond[5849]: assertion failed: 14E46 12H141: assertiond + 12334 [EDAF3958-87C7-3C61-A8E6-24689FBBE168]: 0x1
Jul 19 20:18:15 haxpors-mbp Zombie Hero - Fast Build[11961]: assertion failed: 14E46 12H141: libxpc.dylib + 59338 [AF8FA08F-353B-303B-A08E-AEBB3C60A640]: 0x7d
Jul 19 20:18:15 haxpors-mbp assertiond[5849]: assertion failed: 14E46 12H141: assertiond + 12334 [EDAF3958-87C7-3C61-A8E6-24689FBBE168]: 0x1
Jul 19 20:18:15 haxpors-mbp.local SpringBoard[5845]: [MPUSystemMediaControls] Updating supported commands for now playing application.
Jul 19 20:18:18 haxpors-mbp.local Zombie Hero - Fast Build[11961]: [Crashlytics] Version 3.0.9 (54)
Jul 19 20:18:18 haxpors-mbp.local Zombie Hero - Fast Build[11961]: cocos2d: surface size: 1136x640
Jul 19 20:18:24 --- last message repeated 1 time ---
Jul 19 20:18:24 haxpors-mbp assertiond[5849]: assertion failed: 14E46 12H141: assertiond + 12334 [EDAF3958-87C7-3C61-A8E6-24689FBBE168]: 0x1
Jul 19 20:18:43 --- last message repeated 1 time ---
Jul 19 20:18:43 haxpors-mbp.local SpringBoard[5845]: table drop: 101
Jul 19 20:18:43 haxpors-mbp assertiond[5849]: assertion failed: 14E46 12H141: assertiond + 12334 [EDAF3958-87C7-3C61-A8E6-24689FBBE168]: 0x1
Jul 19 20:18:43 haxpors-mbp com.apple.CoreSimulator.SimDevice.3CD97526-5E6A-4670-A89F-D68A446BDF66.launchd_sim[5831] (com.apple.imfoundation.IMRemoteURLConnectionAgent): The _DirtyJetsamMemoryLimit key is not available on this platform.
Jul 19 20:18:43 haxpors-mbp assertiond[5849]: assertion failed: 14E46 12H141: assertiond + 12334 [EDAF3958-87C7-3C61-A8E6-24689FBBE168]: 0x1
Jul 19 20:18:44 --- last message repeated 4 times ---
Jul 19 20:18:44 haxpors-mbp.local SpringBoard[5845]: BSXPCMessage received error for message: Connection interrupted
Jul 19 20:18:44 haxpors-mbp assertiond[5849]: assertion failed: 14E46 12H141: assertiond + 12334 [EDAF3958-87C7-3C61-A8E6-24689FBBE168]: 0x1
Jul 19 20:18:44 haxpors-mbp.local SpringBoard[5845]: Application 'UIKitApplication:org.haxpor.ZombieHero[0xfe0]' exited voluntarily.
Jul 19 20:18:44 haxpors-mbp.local assertiond[5849]: notify_suspend_pid() failed with error 7
Jul 19 20:18:44 haxpors-mbp assertiond[5849]: assertion failed: 14E46 12H141: assertiond + 12334 [EDAF3958-87C7-3C61-A8E6-24689FBBE168]: 0x1
Jul 19 20:19:34 haxpors-mbp.local configd_sim[5851]: network changed: v4(en1-:192.168.1.70) DNS- Proxy-
Jul 19 20:19:43 haxpors-mbp assertiond[5849]: assertion failed: 14E46 12H141: assertiond + 12334 [EDAF3958-87C7-3C61-A8E6-24689FBBE168]: 0x1
Jul 19 20:19:50 haxpors-mbp Zombie Hero - Fast Build[11984]: assertion failed: 14E46 12H141: libxpc.dylib + 59338 [AF8FA08F-353B-303B-A08E-AEBB3C60A640]: 0x7d
Jul 19 20:19:50 haxpors-mbp assertiond[5849]: assertion failed: 14E46 12H141: assertiond + 12334 [EDAF3958-87C7-3C61-A8E6-24689FBBE168]: 0x1
Jul 19 20:19:50 --- last message repeated 1 time ---
Jul 19 20:19:50 haxpors-mbp.local SpringBoard[5845]: [MPUSystemMediaControls] Updating supported commands for now playing application.
Jul 19 20:19:52 haxpors-mbp.local Zombie Hero - Fast Build[11984]: [Crashlytics] Version 3.0.9 (54)
Jul 19 20:19:52 haxpors-mbp.local Zombie Hero - Fast Build[11984]: cocos2d: surface size: 1136x640
Jul 19 20:19:52 --- last message repeated 1 time ---
Jul 19 20:19:52 haxpors-mbp assertiond[5849]: assertion failed: 14E46 12H141: assertiond + 12334 [EDAF3958-87C7-3C61-A8E6-24689FBBE168]: 0x1
Jul 19 20:19:52 haxpors-mbp.local Zombie Hero - Fast Build[11984]: [Fabric] failed to download settings Error Domain=NSURLErrorDomain Code=-1009 "The Internet connection appears to be offline." UserInfo=0x7fec50c95f50 {NSUnderlyingError=0x7fec53bbe1d0 "The operation couldn’t be completed. (kCFErrorDomainCFNetwork error -1009.)", NSErrorFailingURLStringKey=https://settings.crashlytics.com/spi/v2/platforms/ios/apps/org.haxpor.ZombieHero/settings?build_version=0.801.5.1&instance=6631dd1fbd2223beffcdd0e9a03b096012b7534a&icon_hash=3aacf48c639b5b7623cf3273e8cb4efd15dbb529&source=1, NSErrorFailingURLKey=https://settings.crashlytics.com/spi/v2/platforms/ios/apps/org.haxpor.ZombieHero/settings?build_version=0.801.5.1&instance=6631dd1fbd2223beffcdd0e9a03b096012b7534a&icon_hash=3aacf48c639b5b7623cf3273e8cb4efd15dbb529&source=1, _kCFStreamErrorDomainKey=12, _kCFStreamErrorCodeKey=8, NSLocalizedDescription=The Internet connection appears to be offline.}
Jul 19 20:19:53 haxpors-mbp assertiond[5849]: assertion failed: 14E46 12H141: assertiond + 12334 [EDAF3958-87C7-3C61-A8E6-24689FBBE168]: 0x1
Jul 19 20:19:53 haxpors-mbp.local backboardd[5846]: CoreAnimation: updates deferred for too long
Jul 19 20:20:28 haxpors-mbp com.apple.CoreSimulator.SimDevice.3CD97526-5E6A-4670-A89F-D68A446BDF66.launchd_sim[5831] (UIKitApplication:org.haxpor.ZombieHero[0xb03c][11984]): Service exited due to signal: Segmentation fault: 11
Jul 19 20:20:28 haxpors-mbp.local SpringBoard[5845]: Application 'UIKitApplication:org.haxpor.ZombieHero[0xb03c]' crashed.
Jul 19 20:20:28 haxpors-mbp.local assertiond[5849]: notify_suspend_pid() failed with error 7
Jul 19 20:20:28 haxpors-mbp assertiond[5849]: assertion failed: 14E46 12H141: assertiond + 12334 [EDAF3958-87C7-3C61-A8E6-24689FBBE168]: 0x1
Jul 19 20:20:58 --- last message repeated 2 times ---
Jul 19 20:20:59 haxpors-mbp Zombie Hero - Fast Build[11993]: assertion failed: 14E46 12H141: libxpc.dylib + 59338 [AF8FA08F-353B-303B-A08E-AEBB3C60A640]: 0x7d
Jul 19 20:21:00 haxpors-mbp assertiond[5849]: assertion failed: 14E46 12H141: assertiond + 12334 [EDAF3958-87C7-3C61-A8E6-24689FBBE168]: 0x1
Jul 19 20:21:00 haxpors-mbp.local SpringBoard[5845]: [MPUSystemMediaControls] Updating supported commands for now playing application.
Jul 19 20:21:01 haxpors-mbp.local Zombie Hero - Fast Build[11993]: [Crashlytics] Version 3.0.9 (54)
Jul 19 20:21:01 haxpors-mbp.local Zombie Hero - Fast Build[11993]: cocos2d: surface size: 1136x640
Jul 19 20:21:02 --- last message repeated 1 time ---
Jul 19 20:21:02 haxpors-mbp assertiond[5849]: assertion failed: 14E46 12H141: assertiond + 12334 [EDAF3958-87C7-3C61-A8E6-24689FBBE168]: 0x1
Jul 19 20:21:02 haxpors-mbp.local Zombie Hero - Fast Build[11993]: [Fabric] failed to download settings Error Domain=NSURLErrorDomain Code=-1009 "The Internet connection appears to be offline." UserInfo=0x7fc18cae3810 {NSUnderlyingError=0x7fc189ce5480 "The operation couldn’t be completed. (kCFErrorDomainCFNetwork error -1009.)", NSErrorFailingURLStringKey=https://settings.crashlytics.com/spi/v2/platforms/ios/apps/org.haxpor.ZombieHero/settings?build_version=0.801.5.1&instance=6631dd1fbd2223beffcdd0e9a03b096012b7534a&icon_hash=3aacf48c639b5b7623cf3273e8cb4efd15dbb529&source=1, NSErrorFailingURLKey=https://settings.crashlytics.com/spi/v2/platforms/ios/apps/org.haxpor.ZombieHero/settings?build_version=0.801.5.1&instance=6631dd1fbd2223beffcdd0e9a03b096012b7534a&icon_hash=3aacf48c639b5b7623cf3273e8cb4efd15dbb529&source=1, _kCFStreamErrorDomainKey=12, _kCFStreamErrorCodeKey=8, NSLocalizedDescription=The Internet connection appears to be offline.}
Jul 19 20:21:02 haxpors-mbp assertiond[5849]: assertion failed: 14E46 12H141: assertiond + 12334 [EDAF3958-87C7-3C61-A8E6-24689FBBE168]: 0x1
Jul 19 20:21:02 --- last message repeated 2 times ---
Jul 19 20:21:02 haxpors-mbp.local Zombie Hero - Fast Build[11993]: [Crashlytics:Crash:Reports] Submitting async /Users/haxpor/Library/Developer/CoreSimulator/Devices/3CD97526-5E6A-4670-A89F-D68A446BDF66/data/Containers/Data/Application/8B5DA5AB-C727-4024-83E9-B42776D73B16/Library/Caches/com.crashlytics.data/org.haxpor.ZombieHero/v3/prepared/3DAAC7E0-D1EE-4325-B7FF-F2884D0EF417.multipartmime
Jul 19 20:21:02 haxpors-mbp.local backboardd[5846]: CoreAnimation: updates deferred for too long
Jul 19 20:21:03 haxpors-mbp.local nsurlsessiond[11994]: Creating shared tcp connection work queue!
Jul 19 20:21:26 haxpors-mbp com.apple.CoreSimulator.SimDevice.3CD97526-5E6A-4670-A89F-D68A446BDF66.launchd_sim[5831] (UIKitApplication:org.haxpor.ZombieHero[0x2329][11993]): Service exited due to signal: Segmentation fault: 11
Jul 19 20:21:26 haxpors-mbp.local SpringBoard[5845]: Application 'UIKitApplication:org.haxpor.ZombieHero[0x2329]' crashed.
Jul 19 20:21:26 haxpors-mbp assertiond[5849]: assertion failed: 14E46 12H141: assertiond + 12334 [EDAF3958-87C7-3C61-A8E6-24689FBBE168]: 0x1
Jul 19 20:21:26 --- last message repeated 1 time ---
Jul 19 20:21:26 haxpors-mbp.local assertiond[5849]: notify_suspend_pid() failed with error 7
Jul 19 20:22:41 haxpors-mbp.local configd_sim[5851]: network changed: v4(en1+:192.168.1.70) DNS+ Proxy+
Jul 19 20:22:41 haxpors-mbp.local bird[11343]: Network reachability changed to reachable [-R -------]
Jul 19 20:23:15 --- last message repeated 1 time ---
Jul 19 20:29:11 haxpors-mbp.local configd_sim[5851]: network changed: v4(en1-:192.168.1.70) DNS- Proxy-
Jul 19 20:29:11 haxpors-mbp.local bird[11343]: Network reachability changed to unreachable [-R tc-----]
Jul 19 20:29:11 haxpors-mbp.local bird[11343]: Network really becomes unreachable
Jul 19 20:29:14 haxpors-mbp assertiond[5849]: assertion failed: 14E46 12H141: assertiond + 12334 [EDAF3958-87C7-3C61-A8E6-24689FBBE168]: 0x1
Jul 19 20:29:19 haxpors-mbp Zombie Hero - Fast Build[12046]: assertion failed: 14E46 12H141: libxpc.dylib + 59338 [AF8FA08F-353B-303B-A08E-AEBB3C60A640]: 0x7d
Jul 19 20:29:19 haxpors-mbp assertiond[5849]: assertion failed: 14E46 12H141: assertiond + 12334 [EDAF3958-87C7-3C61-A8E6-24689FBBE168]: 0x1
Jul 19 20:29:19 haxpors-mbp.local SpringBoard[5845]: [MPUSystemMediaControls] Updating supported commands for now playing application.
Jul 19 20:29:22 haxpors-mbp.local Zombie Hero - Fast Build[12046]: [Crashlytics] Version 3.0.9 (54)
Jul 19 20:29:22 haxpors-mbp.local Zombie Hero - Fast Build[12046]: cocos2d: surface size: 1136x640
Jul 19 20:29:22 --- last message repeated 1 time ---
Jul 19 20:29:22 haxpors-mbp assertiond[5849]: assertion failed: 14E46 12H141: assertiond + 12334 [EDAF3958-87C7-3C61-A8E6-24689FBBE168]: 0x1
Jul 19 20:29:23 haxpors-mbp.local Zombie Hero - Fast Build[12046]: [Fabric] failed to download settings Error Domain=NSURLErrorDomain Code=-1009 "The Internet connection appears to be offline." UserInfo=0x7f9ccea97660 {NSUnderlyingError=0x7f9cceb09d10 "The operation couldn’t be completed. (kCFErrorDomainCFNetwork error -1009.)", NSErrorFailingURLStringKey=https://settings.crashlytics.com/spi/v2/platforms/ios/apps/org.haxpor.ZombieHero/settings?build_version=0.801.5.1&instance=6631dd1fbd2223beffcdd0e9a03b096012b7534a&icon_hash=3aacf48c639b5b7623cf3273e8cb4efd15dbb529&source=1, NSErrorFailingURLKey=https://settings.crashlytics.com/spi/v2/platforms/ios/apps/org.haxpor.ZombieHero/settings?build_version=0.801.5.1&instance=6631dd1fbd2223beffcdd0e9a03b096012b7534a&icon_hash=3aacf48c639b5b7623cf3273e8cb4efd15dbb529&source=1, _kCFStreamErrorDomainKey=12, _kCFStreamErrorCodeKey=8, NSLocalizedDescription=The Internet connection appears to be offline.}
Jul 19 20:29:23 haxpors-mbp.local Zombie Hero - Fast Build[12046]: [Crashlytics:Crash:Reports] Submitting async /Users/haxpor/Library/Developer/CoreSimulator/Devices/3CD97526-5E6A-4670-A89F-D68A446BDF66/data/Containers/Data/Application/8B5DA5AB-C727-4024-83E9-B42776D73B16/Library/Caches/com.crashlytics.data/org.haxpor.ZombieHero/v3/prepared/4BCEB506-90E1-41E2-8455-6EF2481A8DED.multipartmime
Jul 19 20:29:23 haxpors-mbp.local Zombie Hero - Fast Build[12046]: [Crashlytics:Crash:Reports] Submitting async /Users/haxpor/Library/Developer/CoreSimulator/Devices/3CD97526-5E6A-4670-A89F-D68A446BDF66/data/Containers/Data/Application/8B5DA5AB-C727-4024-83E9-B42776D73B16/Library/Caches/com.crashlytics.data/org.haxpor.ZombieHero/v3/prepared/3DAAC7E0-D1EE-4325-B7FF-F2884D0EF417.multipartmime
Jul 19 20:29:23 haxpors-mbp assertiond[5849]: assertion failed: 14E46 12H141: assertiond + 12334 [EDAF3958-87C7-3C61-A8E6-24689FBBE168]: 0x1
Jul 19 20:29:30 haxpors-mbp com.apple.CoreSimulator.SimDevice.3CD97526-5E6A-4670-A89F-D68A446BDF66.launchd_sim[5831] (com.apple.imfoundation.IMRemoteURLConnectionAgent): The _DirtyJetsamMemoryLimit key is not available on this platform.
Jul 19 20:29:52 haxpors-mbp.local configd_sim[5851]: network changed: v4(en1+:192.168.1.70) DNS+ Proxy+
Jul 19 20:29:52 haxpors-mbp.local bird[11343]: Network reachability changed to unreachable [-- -------]
Jul 19 20:30:00 haxpors-mbp com.apple.CoreSimulator.SimDevice.3CD97526-5E6A-4670-A89F-D68A446BDF66.launchd_sim[5831] (UIKitApplication:org.haxpor.ZombieHero[0xb0e0][12046]): Service exited due to signal: Segmentation fault: 11
Jul 19 20:30:00 haxpors-mbp.local SpringBoard[5845]: Application 'UIKitApplication:org.haxpor.ZombieHero[0xb0e0]' crashed.
Jul 19 20:30:00 haxpors-mbp.local assertiond[5849]: notify_suspend_pid() failed with error 7
Jul 19 20:30:00 haxpors-mbp assertiond[5849]: assertion failed: 14E46 12H141: assertiond + 12334 [EDAF3958-87C7-3C61-A8E6-24689FBBE168]: 0x1
Jul 19 20:30:12 --- last message repeated 2 times ---
Jul 19 20:30:12 haxpors-mbp Zombie Hero - Fast Build[12059]: assertion failed: 14E46 12H141: libxpc.dylib + 59338 [AF8FA08F-353B-303B-A08E-AEBB3C60A640]: 0x7d
Jul 19 20:30:12 haxpors-mbp assertiond[5849]: assertion failed: 14E46 12H141: assertiond + 12334 [EDAF3958-87C7-3C61-A8E6-24689FBBE168]: 0x1
Jul 19 20:30:12 haxpors-mbp.local SpringBoard[5845]: [MPUSystemMediaControls] Updating supported commands for now playing application.
Jul 19 20:30:13 haxpors-mbp.local Zombie Hero - Fast Build[12059]: [Crashlytics] Version 3.0.9 (54)
Jul 19 20:30:13 haxpors-mbp.local Zombie Hero - Fast Build[12059]: cocos2d: surface size: 1136x640
Jul 19 20:30:13 --- last message repeated 1 time ---
Jul 19 20:30:13 haxpors-mbp.local Zombie Hero - Fast Build[12059]: [Crashlytics:Crash:Reports] Submitting async /Users/haxpor/Library/Developer/CoreSimulator/Devices/3CD97526-5E6A-4670-A89F-D68A446BDF66/data/Containers/Data/Application/8B5DA5AB-C727-4024-83E9-B42776D73B16/Library/Caches/com.crashlytics.data/org.haxpor.ZombieHero/v3/prepared/0527FDF7-A527-437D-8A41-6454C0677786.multipartmime
Jul 19 20:30:13 haxpors-mbp assertiond[5849]: assertion failed: 14E46 12H141: assertiond + 12334 [EDAF3958-87C7-3C61-A8E6-24689FBBE168]: 0x1
Jul 19 20:30:51 --- last message repeated 3 times ---
Jul 19 20:31:32 haxpors-mbp assertiond[5849]: assertion failed: 14E46 12H141: assertiond + 12334 [EDAF3958-87C7-3C61-A8E6-24689FBBE168]: 0x1
Jul 19 20:31:38 haxpors-mbp assertiond[5849]: assertion failed: 14E46 12H141: assertiond + 12334 [EDAF3958-87C7-3C61-A8E6-24689FBBE168]: 0x1
Jul 19 20:32:22 haxpors-mbp assertiond[5849]: assertion failed: 14E46 12H141: assertiond + 12334 [EDAF3958-87C7-3C61-A8E6-24689FBBE168]: 0x1
Jul 19 20:32:54 --- last message repeated 1 time ---
Jul 19 20:33:18 haxpors-mbp assertiond[5849]: assertion failed: 14E46 12H141: assertiond + 12334 [EDAF3958-87C7-3C61-A8E6-24689FBBE168]: 0x1
Jul 19 20:33:18 haxpors-mbp assertiond[5849]: assertion failed: 14E46 12H141: assertiond + 12334 [EDAF3958-87C7-3C61-A8E6-24689FBBE168]: 0x1
Jul 19 20:33:18 --- last message repeated 2 times ---
Jul 19 20:33:18 haxpors-mbp.local SpringBoard[5845]: BSXPCMessage received error for message: Connection interrupted
Jul 19 20:33:18 haxpors-mbp assertiond[5849]: assertion failed: 14E46 12H141: assertiond + 12334 [EDAF3958-87C7-3C61-A8E6-24689FBBE168]: 0x1
Jul 19 20:33:18 haxpors-mbp com.apple.CoreSimulator.SimDevice.3CD97526-5E6A-4670-A89F-D68A446BDF66.launchd_sim[5831] (com.apple.imfoundation.IMRemoteURLConnectionAgent): The _DirtyJetsamMemoryLimit key is not available on this platform.
Jul 19 20:33:18 haxpors-mbp.local SpringBoard[5845]: table drop: 101
Jul 19 20:33:19 haxpors-mbp assertiond[5849]: assertion failed: 14E46 12H141: assertiond + 12334 [EDAF3958-87C7-3C61-A8E6-24689FBBE168]: 0x1
Jul 19 20:33:19 --- last message repeated 1 time ---
Jul 19 20:33:19 haxpors-mbp.local SpringBoard[5845]: Application 'UIKitApplication:org.haxpor.ZombieHero[0x19b5]' exited voluntarily.
Jul 19 20:33:19 haxpors-mbp assertiond[5849]: assertion failed: 14E46 12H141: assertiond + 12334 [EDAF3958-87C7-3C61-A8E6-24689FBBE168]: 0x1
Jul 19 20:33:19 haxpors-mbp.local assertiond[5849]: notify_suspend_pid() failed with error 7
Jul 19 20:33:21 haxpors-mbp.local configd_sim[5851]: network changed: v4(en1-:192.168.1.70) DNS- Proxy-
Jul 19 20:33:21 haxpors-mbp.local bird[11343]: Network reachability changed to unreachable [-R tc-----]
Jul 19 20:34:10 haxpors-mbp assertiond[5849]: assertion failed: 14E46 12H141: assertiond + 12334 [EDAF3958-87C7-3C61-A8E6-24689FBBE168]: 0x1
Jul 19 20:34:11 haxpors-mbp Zombie Hero - Fast Build[12082]: assertion failed: 14E46 12H141: libxpc.dylib + 59338 [AF8FA08F-353B-303B-A08E-AEBB3C60A640]: 0x7d
Jul 19 20:34:11 haxpors-mbp assertiond[5849]: assertion failed: 14E46 12H141: assertiond + 12334 [EDAF3958-87C7-3C61-A8E6-24689FBBE168]: 0x1
Jul 19 20:34:11 haxpors-mbp.local SpringBoard[5845]: [MPUSystemMediaControls] Updating supported commands for now playing application.
Jul 19 20:34:13 haxpors-mbp.local Zombie Hero - Fast Build[12082]: [Crashlytics] Version 3.0.9 (54)
Jul 19 20:34:13 haxpors-mbp.local Zombie Hero - Fast Build[12082]: cocos2d: surface size: 1136x640
Jul 19 20:34:13 haxpors-mbp assertiond[5849]: assertion failed: 14E46 12H141: assertiond + 12334 [EDAF3958-87C7-3C61-A8E6-24689FBBE168]: 0x1
Jul 19 20:34:13 haxpors-mbp.local Zombie Hero - Fast Build[12082]: cocos2d: surface size: 1136x640
Jul 19 20:34:13 haxpors-mbp.local Zombie Hero - Fast Build[12082]: [Fabric] failed to download settings Error Domain=NSURLErrorDomain Code=-1009 "The Internet connection appears to be offline." UserInfo=0x7f8ee446d2d0 {NSUnderlyingError=0x7f8ee172ed10 "The operation couldn’t be completed. (kCFErrorDomainCFNetwork error -1009.)", NSErrorFailingURLStringKey=https://settings.crashlytics.com/spi/v2/platforms/ios/apps/org.haxpor.ZombieHero/settings?build_version=0.801.5.1&instance=6631dd1fbd2223beffcdd0e9a03b096012b7534a&icon_hash=3aacf48c639b5b7623cf3273e8cb4efd15dbb529&source=1, NSErrorFailingURLKey=https://settings.crashlytics.com/spi/v2/platforms/ios/apps/org.haxpor.ZombieHero/settings?build_version=0.801.5.1&instance=6631dd1fbd2223beffcdd0e9a03b096012b7534a&icon_hash=3aacf48c639b5b7623cf3273e8cb4efd15dbb529&source=1, _kCFStreamErrorDomainKey=12, _kCFStreamErrorCodeKey=8, NSLocalizedDescription=The Internet connection appears to be offline.}
Jul 19 20:34:13 haxpors-mbp assertiond[5849]: assertion failed: 14E46 12H141: assertiond + 12334 [EDAF3958-87C7-3C61-A8E6-24689FBBE168]: 0x1
Jul 19 20:34:43 --- last message repeated 2 times ---
Jul 19 20:35:05 haxpors-mbp assertiond[5849]: assertion failed: 14E46 12H141: assertiond + 12334 [EDAF3958-87C7-3C61-A8E6-24689FBBE168]: 0x1
Jul 19 20:35:05 haxpors-mbp assertiond[5849]: assertion failed: 14E46 12H141: assertiond + 12334 [EDAF3958-87C7-3C61-A8E6-24689FBBE168]: 0x1
Jul 19 20:35:06 --- last message repeated 3 times ---
Jul 19 20:35:06 haxpors-mbp com.apple.CoreSimulator.SimDevice.3CD97526-5E6A-4670-A89F-D68A446BDF66.launchd_sim[5831] (com.apple.imfoundation.IMRemoteURLConnectionAgent): The _DirtyJetsamMemoryLimit key is not available on this platform.
Jul 19 20:35:07 haxpors-mbp.local SpringBoard[5845]: table drop: 101
Jul 19 20:35:07 haxpors-mbp assertiond[5849]: assertion failed: 14E46 12H141: assertiond + 12334 [EDAF3958-87C7-3C61-A8E6-24689FBBE168]: 0x1
Jul 19 20:35:08 --- last message repeated 2 times ---
Jul 19 20:35:08 haxpors-mbp com.apple.CoreSimulator.SimDevice.3CD97526-5E6A-4670-A89F-D68A446BDF66.launchd_sim[5831] (UIKitApplication:org.haxpor.ZombieHero[0xd24a][12082]): Service exited due to signal: Killed: 9
Jul 19 20:35:08 haxpors-mbp.local SpringBoard[5845]: Application 'UIKitApplication:org.haxpor.ZombieHero[0xd24a]' quit via signal.
Jul 19 20:35:34 haxpors-mbp assertiond[5849]: assertion failed: 14E46 12H141: assertiond + 12334 [EDAF3958-87C7-3C61-A8E6-24689FBBE168]: 0x1
Jul 19 20:36:29 haxpors-mbp Zombie Hero - Fast Build[12105]: assertion failed: 14E46 12H141: libxpc.dylib + 59338 [AF8FA08F-353B-303B-A08E-AEBB3C60A640]: 0x7d
Jul 19 20:36:29 haxpors-mbp assertiond[5849]: assertion failed: 14E46 12H141: assertiond + 12334 [EDAF3958-87C7-3C61-A8E6-24689FBBE168]: 0x1
Jul 19 20:36:29 --- last message repeated 1 time ---
Jul 19 20:36:29 haxpors-mbp.local SpringBoard[5845]: [MPUSystemMediaControls] Updating supported commands for now playing application.
Jul 19 20:36:31 haxpors-mbp.local Zombie Hero - Fast Build[12105]: [Crashlytics] Version 3.0.9 (54)
Jul 19 20:36:32 haxpors-mbp.local Zombie Hero - Fast Build[12105]: cocos2d: surface size: 1136x640
Jul 19 20:36:32 --- last message repeated 1 time ---
Jul 19 20:36:32 haxpors-mbp assertiond[5849]: assertion failed: 14E46 12H141: assertiond + 12334 [EDAF3958-87C7-3C61-A8E6-24689FBBE168]: 0x1
Jul 19 20:36:32 haxpors-mbp.local Zombie Hero - Fast Build[12105]: [Fabric] failed to download settings Error Domain=NSURLErrorDomain Code=-1009 "The Internet connection appears to be offline." UserInfo=0x7fe50d11eb00 {NSUnderlyingError=0x7fe50bbde250 "The operation couldn’t be completed. (kCFErrorDomainCFNetwork error -1009.)", NSErrorFailingURLStringKey=https://settings.crashlytics.com/spi/v2/platforms/ios/apps/org.haxpor.ZombieHero/settings?build_version=0.801.5.1&instance=6631dd1fbd2223beffcdd0e9a03b096012b7534a&icon_hash=3aacf48c639b5b7623cf3273e8cb4efd15dbb529&source=1, NSErrorFailingURLKey=https://settings.crashlytics.com/spi/v2/platforms/ios/apps/org.haxpor.ZombieHero/settings?build_version=0.801.5.1&instance=6631dd1fbd2223beffcdd0e9a03b096012b7534a&icon_hash=3aacf48c639b5b7623cf3273e8cb4efd15dbb529&source=1, _kCFStreamErrorDomainKey=12, _kCFStreamErrorCodeKey=8, NSLocalizedDescription=The Internet connection appears to be offline.}
Jul 19 20:36:32 haxpors-mbp assertiond[5849]: assertion failed: 14E46 12H141: assertiond + 12334 [EDAF3958-87C7-3C61-A8E6-24689FBBE168]: 0x1
Jul 19 20:39:43 haxpors-mbp com.apple.CoreSimulator.SimDevice.3CD97526-5E6A-4670-A89F-D68A446BDF66.launchd_sim[5831] (UIKitApplication:org.haxpor.ZombieHero[0x2b16][12105]): Service exited due to signal: Segmentation fault: 11
Jul 19 20:39:44 haxpors-mbp.local SpringBoard[5845]: Application 'UIKitApplication:org.haxpor.ZombieHero[0x2b16]' crashed.
Jul 19 20:39:44 haxpors-mbp.local assertiond[5849]: notify_suspend_pid() failed with error 7
Jul 19 20:39:44 haxpors-mbp assertiond[5849]: assertion failed: 14E46 12H141: assertiond + 12334 [EDAF3958-87C7-3C61-A8E6-24689FBBE168]: 0x1
Jul 19 20:39:45 --- last message repeated 1 time ---
Jul 19 20:39:45 haxpors-mbp.local configd_sim[5851]: network changed: v4(en1+:192.168.1.70) DNS+ Proxy+
Jul 19 20:39:45 haxpors-mbp.local bird[11343]: Network reachability changed to reachable [-R -------]
Jul 19 20:39:45 haxpors-mbp.local bird[11343]: Network reachability changed to unreachable [-- -------]
Jul 19 20:43:21 haxpors-mbp.local configd_sim[5851]: network changed: v4(en1-:192.168.1.70) DNS- Proxy-
Jul 19 20:43:21 haxpors-mbp.local bird[11343]: Network reachability changed to unreachable [-R tc-----]
Jul 19 20:44:20 haxpors-mbp.local CoreSimulatorBridge[5853]: LaunchServices: installing app for existing placeholder <LSApplicationProxy: 0x7faacb440790> org.haxpor.ZombieHero
Jul 19 20:44:20 haxpors-mbp.local CoreSimulatorBridge[5853]: LaunchServices: Not creating progress for <LSApplicationProxy: 0x7faacb440790> org.haxpor.ZombieHero since it is not a placeholder.
Jul 19 20:44:20 haxpors-mbp.local installd[11334]: 0x1065ec000 -[MIClientConnection _doBackgroundInstallationForPath:withOptions:completion:]: Install of "/Users/haxpor/Library/Developer/Xcode/DerivedData/ZombieHero-erdynsruzgedcidywngbikwfyczm/Build/Products/Debug-iphonesimulator/Zombie Hero - Fast Build.app" type Developer requested by CoreSimulatorBridge (pid 5853)
Jul 19 20:44:20 haxpors-mbp.local installd[11334]: 0x1065ec000 MDMCreateDeltaDirectory: calling MDMDirectoryDiff with:
	state->old_bundle: /Users/haxpor/Library/Developer/CoreSimulator/Devices/3CD97526-5E6A-4670-A89F-D68A446BDF66/data/Containers/Bundle/Application/DFA6BBB1-1F71-40CC-B91D-12B50D6FFDBF/Zombie Hero - Fast Build.app
	state->new_bundle: /Users/haxpor/Library/Developer/Xcode/DerivedData/ZombieHero-erdynsruzgedcidywngbikwfyczm/Build/Products/Debug-iphonesimulator/Zombie Hero - Fast Build.app
	state->dst_bundle: /Users/haxpor/Library/Developer/CoreSimulator/Devices/3CD97526-5E6A-4670-A89F-D68A446BDF66/data/Library/Caches/com.apple.mobile.installd.staging/temp.2xOuFm/extracted/Payload//Zombie Hero - Fast Build.app, binaryDiff flag: FALSE
		dst_ipa: /Users/haxpor/Library/Developer/CoreSimulator/Devices/3CD97526-5E6A-4670-A89F-D68A446BDF66/data/Library/Caches/com.apple.mobile.installd.staging/temp.2xOuFm/extracted
Jul 19 20:44:20 haxpors-mbp.local installd[11334]: 0x1065ec000 createDictFromFile: open failed for /Users/haxpor/Library/Developer/CoreSimulator/Devices/3CD97526-5E6A-4670-A89F-D68A446BDF66/data/Containers/Bundle/Application/DFA6BBB1-1F71-40CC-B91D-12B50D6FFDBF/ManifestCache.plist : No such file or directory
Jul 19 20:44:22 haxpors-mbp.local installd[11334]: 0x10861b000 __MDMDirectoryDiff_block_invoke29: calling writeDictToFile with: /Users/haxpor/Library/Developer/CoreSimulator/Devices/3CD97526-5E6A-4670-A89F-D68A446BDF66/data/Library/Caches/com.apple.mobile.installd.staging/temp.2xOuFm/extracted/ManifestCache.plist
Jul 19 20:44:22 haxpors-mbp.local installd[11334]: 0x10861b000 writeDictToFile: ==== Successfully wrote Manifest cache to /Users/haxpor/Library/Developer/CoreSimulator/Devices/3CD97526-5E6A-4670-A89F-D68A446BDF66/data/Library/Caches/com.apple.mobile.installd.staging/temp.2xOuFm/extracted/ManifestCache.plist
Jul 19 20:44:23 haxpors-mbp.local installd[11334]: 0x1065ec000 -[MIInstaller performInstallationWithError:]: Installing <MIInstallableBundlePatch ID=org.haxpor.ZombieHero; Version=0.801.5.1, ShortVersion=(null)>
Jul 19 20:44:23 haxpors-mbp.local installd[11334]: 0x1065ec000 -[MIInstallableBundlePatch applyPatchWithError:]: Attempting patch update of org.haxpor.ZombieHero from 0.801.5.1 ((null)) to 0.801.5.1 ((null))
Jul 19 20:44:24 haxpors-mbp.local pkd[11336]: releasing plug-in hold 65FB821B-C13C-4FB9-8790-DD3971E09C53 for dead client pid 5845
Jul 19 20:44:24 haxpors-mbp.local SpringBoard[5845]: Killing org.haxpor.ZombieHero for termination assertion
Jul 19 20:44:24 haxpors-mbp.local installd[11334]: 0x1065ec000 -[MIInstallableBundle _refreshUUIDForContainer:withError:]: Data container for org.haxpor.ZombieHero is now at /Users/haxpor/Library/Developer/CoreSimulator/Devices/3CD97526-5E6A-4670-A89F-D68A446BDF66/data/Containers/Data/Application/974B9C99-9E1B-4506-8553-665B4F24BD13
Jul 19 20:44:24 haxpors-mbp.local installd[11334]: 0x1065ec000 -[MIContainer makeContainerLiveReplacingContainer:withError:]: Made container live for org.haxpor.ZombieHero at /Users/haxpor/Library/Developer/CoreSimulator/Devices/3CD97526-5E6A-4670-A89F-D68A446BDF66/data/Containers/Bundle/Application/E68CD4A2-258B-4E99-8C97-7890398BBE28
Jul 19 20:44:24 haxpors-mbp.local installd[11334]: 0x1065ec000 -[MIInstaller performInstallationWithError:]: Staging: 2.68s; Waiting: 0.00s; Installation: 1.02s; Overall: 3.75s
Jul 19 20:44:24 haxpors-mbp.local CoreSimulatorBridge[5853]: LaunchServices: NotifiedObservers <LSApplicationProxy: 0x7faacb43e370> org.haxpor.ZombieHero was installed
Jul 19 20:44:24 haxpors-mbp.local lsd[5864]: LaunchServices: Updating identifier store
Jul 19 20:44:24 haxpors-mbp.local /Applications/Xcode.app/Contents/Developer/Platforms/iPhoneSimulator.platform/Developer/SDKs/iPhoneSimulator.sdk/usr/libexec/lsd[5864]: LaunchServices: Failed to set the data protection class for /Users/haxpor/Library/Developer/CoreSimulator/Devices/3CD97526-5E6A-4670-A89F-D68A446BDF66/data/tmp/com.apple.IconsCache/org.haxpor.ZombieHero_CFBundleIcon[40]
Jul 19 20:44:24 haxpors-mbp.local SpringBoard[5845]: Installed apps did change.
	Added: {(
	)}
	Removed: {(
	)}
	Modified: {(
	    "org.haxpor.ZombieHero"
	)}
Jul 19 20:44:28 haxpors-mbp assertiond[5849]: assertion failed: 14E46 12H141: assertiond + 12334 [EDAF3958-87C7-3C61-A8E6-24689FBBE168]: 0x1
Jul 19 20:44:42 haxpors-mbp Zombie Hero - Fast Build[12280]: assertion failed: 14E46 12H141: libxpc.dylib + 59338 [AF8FA08F-353B-303B-A08E-AEBB3C60A640]: 0x7d
Jul 19 20:44:42 haxpors-mbp assertiond[5849]: assertion failed: 14E46 12H141: assertiond + 12334 [EDAF3958-87C7-3C61-A8E6-24689FBBE168]: 0x1
Jul 19 20:44:42 --- last message repeated 1 time ---
Jul 19 20:44:42 haxpors-mbp.local SpringBoard[5845]: [MPUSystemMediaControls] Updating supported commands for now playing application.
Jul 19 20:44:45 haxpors-mbp.local Zombie Hero - Fast Build[12280]: [Crashlytics] Version 3.0.9 (54)
Jul 19 20:44:45 haxpors-mbp.local Zombie Hero - Fast Build[12280]: cocos2d: surface size: 1136x640
Jul 19 20:44:45 haxpors-mbp assertiond[5849]: assertion failed: 14E46 12H141: assertiond + 12334 [EDAF3958-87C7-3C61-A8E6-24689FBBE168]: 0x1
Jul 19 20:44:45 haxpors-mbp.local Zombie Hero - Fast Build[12280]: cocos2d: surface size: 1136x640
Jul 19 20:44:46 haxpors-mbp.local Zombie Hero - Fast Build[12280]: [Fabric] failed to download settings Error Domain=NSURLErrorDomain Code=-1009 "The Internet connection appears to be offline." UserInfo=0x7ff2eac9d6c0 {NSUnderlyingError=0x7ff2ead7b380 "The operation couldn’t be completed. (kCFErrorDomainCFNetwork error -1009.)", NSErrorFailingURLStringKey=https://settings.crashlytics.com/spi/v2/platforms/ios/apps/org.haxpor.ZombieHero/settings?build_version=0.801.5.1&instance=829b69d8ea1e0908e349b92334b1e12f378ce173&icon_hash=3aacf48c639b5b7623cf3273e8cb4efd15dbb529&source=1, NSErrorFailingURLKey=https://settings.crashlytics.com/spi/v2/platforms/ios/apps/org.haxpor.ZombieHero/settings?build_version=0.801.5.1&instance=829b69d8ea1e0908e349b92334b1e12f378ce173&icon_hash=3aacf48c639b5b7623cf3273e8cb4efd15dbb529&source=1, _kCFStreamErrorDomainKey=12, _kCFStreamErrorCodeKey=8, NSLocalizedDescription=The Internet connection appears to be offline.}
Jul 19 20:44:46 haxpors-mbp assertiond[5849]: assertion failed: 14E46 12H141: assertiond + 12334 [EDAF3958-87C7-3C61-A8E6-24689FBBE168]: 0x1
Jul 19 20:46:00 haxpors-mbp com.apple.CoreSimulator.SimDevice.3CD97526-5E6A-4670-A89F-D68A446BDF66.launchd_sim[5831] (UIKitApplication:org.haxpor.ZombieHero[0x6119][12280]): Service exited due to signal: Segmentation fault: 11
Jul 19 20:46:00 haxpors-mbp.local SpringBoard[5845]: Application 'UIKitApplication:org.haxpor.ZombieHero[0x6119]' crashed.
Jul 19 20:46:00 haxpors-mbp assertiond[5849]: assertion failed: 14E46 12H141: assertiond + 12334 [EDAF3958-87C7-3C61-A8E6-24689FBBE168]: 0x1
Jul 19 20:52:25 haxpors-mbp.local DTMobileIS[7428]: Could not create service named com.apple.instruments.server.services.launchdaemon
Jul 19 20:52:25 haxpors-mbp.local DTMobileIS[7428]: Could not create service named com.apple.instruments.server.services.processcontrol.posixspawn
Jul 19 20:52:26 haxpors-mbp.local CoreSimulatorBridge[5853]: LaunchServices: installing app for existing placeholder <LSApplicationProxy: 0x7faacb440790> org.haxpor.ZombieHero
Jul 19 20:52:26 haxpors-mbp.local CoreSimulatorBridge[5853]: LaunchServices: Not creating progress for <LSApplicationProxy: 0x7faacb440790> org.haxpor.ZombieHero since it is not a placeholder.
Jul 19 20:52:26 haxpors-mbp.local installd[11334]: 0x1065ec000 -[MIClientConnection _doBackgroundInstallationForPath:withOptions:completion:]: Install of "/Users/haxpor/Library/Developer/Xcode/DerivedData/ZombieHero-erdynsruzgedcidywngbikwfyczm/Build/Products/Debug-iphonesimulator/Zombie Hero - Fast Build.app" type Developer requested by CoreSimulatorBridge (pid 5853)
Jul 19 20:52:26 haxpors-mbp.local installd[11334]: 0x1065ec000 MDMCreateDeltaDirectory: calling MDMDirectoryDiff with:
	state->old_bundle: /Users/haxpor/Library/Developer/CoreSimulator/Devices/3CD97526-5E6A-4670-A89F-D68A446BDF66/data/Containers/Bundle/Application/E68CD4A2-258B-4E99-8C97-7890398BBE28/Zombie Hero - Fast Build.app
	state->new_bundle: /Users/haxpor/Library/Developer/Xcode/DerivedData/ZombieHero-erdynsruzgedcidywngbikwfyczm/Build/Products/Debug-iphonesimulator/Zombie Hero - Fast Build.app
	state->dst_bundle: /Users/haxpor/Library/Developer/CoreSimulator/Devices/3CD97526-5E6A-4670-A89F-D68A446BDF66/data/Library/Caches/com.apple.mobile.installd.staging/temp.CJFHgH/extracted/Payload//Zombie Hero - Fast Build.app, binaryDiff flag: FALSE
		dst_ipa: /Users/haxpor/Library/Developer/CoreSimulator/Devices/3CD97526-5E6A-4670-A89F-D68A446BDF66/data/Library/Caches/com.apple.mobile.installd.staging/temp.CJFHgH/extracted
Jul 19 20:52:26 haxpors-mbp.local installd[11334]: 0x1065ec000 createDictFromFile: open failed for /Users/haxpor/Library/Developer/CoreSimulator/Devices/3CD97526-5E6A-4670-A89F-D68A446BDF66/data/Containers/Bundle/Application/E68CD4A2-258B-4E99-8C97-7890398BBE28/ManifestCache.plist : No such file or directory
Jul 19 20:52:27 haxpors-mbp.local installd[11334]: 0x10861b000 __MDMDirectoryDiff_block_invoke29: calling writeDictToFile with: /Users/haxpor/Library/Developer/CoreSimulator/Devices/3CD97526-5E6A-4670-A89F-D68A446BDF66/data/Library/Caches/com.apple.mobile.installd.staging/temp.CJFHgH/extracted/ManifestCache.plist
Jul 19 20:52:27 haxpors-mbp.local installd[11334]: 0x10861b000 writeDictToFile: ==== Successfully wrote Manifest cache to /Users/haxpor/Library/Developer/CoreSimulator/Devices/3CD97526-5E6A-4670-A89F-D68A446BDF66/data/Library/Caches/com.apple.mobile.installd.staging/temp.CJFHgH/extracted/ManifestCache.plist
Jul 19 20:52:28 haxpors-mbp.local installd[11334]: 0x1065ec000 -[MIInstaller performInstallationWithError:]: Installing <MIInstallableBundlePatch ID=org.haxpor.ZombieHero; Version=0.801.5.1, ShortVersion=(null)>
Jul 19 20:52:28 haxpors-mbp.local installd[11334]: 0x1065ec000 -[MIInstallableBundlePatch applyPatchWithError:]: Attempting patch update of org.haxpor.ZombieHero from 0.801.5.1 ((null)) to 0.801.5.1 ((null))
Jul 19 20:52:34 haxpors-mbp.local SpringBoard[5845]: Killing org.haxpor.ZombieHero for termination assertion
Jul 19 20:52:34 haxpors-mbp.local pkd[11336]: releasing plug-in hold 62F6FB32-E4DF-49BF-A068-E8A0C5EA98AA for dead client pid 5845
Jul 19 20:52:34 haxpors-mbp.local installd[11334]: 0x1065ec000 -[MIInstallableBundle _refreshUUIDForContainer:withError:]: Data container for org.haxpor.ZombieHero is now at /Users/haxpor/Library/Developer/CoreSimulator/Devices/3CD97526-5E6A-4670-A89F-D68A446BDF66/data/Containers/Data/Application/8B46613E-8777-405A-9D97-62A564AC6272
Jul 19 20:52:34 haxpors-mbp.local installd[11334]: 0x1065ec000 -[MIContainer makeContainerLiveReplacingContainer:withError:]: Made container live for org.haxpor.ZombieHero at /Users/haxpor/Library/Developer/CoreSimulator/Devices/3CD97526-5E6A-4670-A89F-D68A446BDF66/data/Containers/Bundle/Application/34AF48BC-32CC-45BA-BD58-FD31D078DCFB
Jul 19 20:52:35 haxpors-mbp.local installd[11334]: 0x1065ec000 -[MIInstaller performInstallationWithError:]: Staging: 2.43s; Waiting: 0.00s; Installation: 6.36s; Overall: 8.89s
Jul 19 20:52:35 haxpors-mbp.local CoreSimulatorBridge[5853]: LaunchServices: NotifiedObservers <LSApplicationProxy: 0x7faacb428fb0> org.haxpor.ZombieHero was installed
Jul 19 20:52:35 haxpors-mbp.local lsd[5864]: LaunchServices: Updating identifier store
Jul 19 20:52:35 haxpors-mbp.local /Applications/Xcode.app/Contents/Developer/Platforms/iPhoneSimulator.platform/Developer/SDKs/iPhoneSimulator.sdk/usr/libexec/lsd[5864]: LaunchServices: Failed to set the data protection class for /Users/haxpor/Library/Developer/CoreSimulator/Devices/3CD97526-5E6A-4670-A89F-D68A446BDF66/data/tmp/com.apple.IconsCache/org.haxpor.ZombieHero_CFBundleIcon[40]
Jul 19 20:52:35 haxpors-mbp.local SpringBoard[5845]: Installed apps did change.
	Added: {(
	)}
	Removed: {(
	)}
	Modified: {(
	    "org.haxpor.ZombieHero"
	)}
Jul 19 20:52:39 haxpors-mbp assertiond[5849]: assertion failed: 14E46 12H141: assertiond + 12334 [EDAF3958-87C7-3C61-A8E6-24689FBBE168]: 0x1
Jul 19 20:52:43 haxpors-mbp Zombie Hero - Fast Build[12420]: assertion failed: 14E46 12H141: libxpc.dylib + 59338 [AF8FA08F-353B-303B-A08E-AEBB3C60A640]: 0x7d
Jul 19 20:52:43 haxpors-mbp assertiond[5849]: assertion failed: 14E46 12H141: assertiond + 12334 [EDAF3958-87C7-3C61-A8E6-24689FBBE168]: 0x1
Jul 19 20:52:43 haxpors-mbp.local SpringBoard[5845]: [MPUSystemMediaControls] Updating supported commands for now playing application.
Jul 19 20:52:45 haxpors-mbp.local Zombie Hero - Fast Build[12420]: [Crashlytics] Version 3.0.9 (54)
Jul 19 20:52:51 haxpors-mbp.local SpringBoard[5845]: BSXPCMessage received error for message: Connection invalid
